2026-06-29 17:09:57 - src.scraper - INFO - [94mPlain log        : /app/logs/scraper/scrape_20260629T170957_ACB.log[0m
2026-06-29 17:09:57 - src.scraper - INFO - [94mJSON log         : /app/logs/scraper/scrape_20260629T170957_ACB.json.log[0m
2026-06-29 17:09:57 - src.scraper - INFO - [94mPostgreSQL       : postgresql:5432/financial_metadata[0m
2026-06-29 17:09:57 - src.scraper - INFO - [94mContent backend  : minio[0m
2026-06-29 17:09:57 - src.scraper - INFO - [94mADLS filesystem  : financialnews-datalake[0m
2026-06-29 17:09:57 - src.scraper - INFO - [94mMinIO bucket     : financialnews-datalake[0m
2026-06-29 17:09:57 - src.scraper - INFO - [94mSources          : cafef[0m
2026-06-29 17:09:57 - src.scraper - INFO - [94mTickers          : ['ACB'][0m
2026-06-29 17:09:57 - src.scraper - INFO - [94mMax pages/keyword: 1[0m
2026-06-29 17:09:57 - src.scraper - INFO - [94mMax keywords/ticker: 5[0m
2026-06-29 17:09:57 - src.scraper.storage.repository - SUCCESS - [32mConnected to PostgreSQL postgresql:5432/financial_metadata[0m
2026-06-29 17:09:57 - src.scraper.storage.adls_writer - INFO - [94mCreated MinIO bucket 'financialnews-datalake'.[0m
2026-06-29 17:09:57 - src.scraper.storage.adls_writer - SUCCESS - [32mConnected to MinIO bucket 'financialnews-datalake'.[0m
2026-06-29 17:09:57 - src.scraper.engine.pipeline - INFO - [94mLoaded 5 keyword(s) for 1 source(s).[0m
2026-06-29 17:09:57 - src.scraper.engine.pipeline - INFO - [94mCrawl job 0487e67a-7ee8-4f41-bade-5dfeef6596ab started.[0m
2026-06-29 17:09:57 - src.scraper.engine.pipeline - INFO - [94m=== Source: cafef ===[0m
2026-06-29 17:09:57 - src.scraper.http_client - WARNING - [33mGET https://cafef.vn/tim-kiem/trang-1.chn?keywords=ACB failed (attempt 1/3): ConnectionError: HTTPSConnectionPool(host='cafef.vn', port=443): Max retries exceeded with url: /tim-kiem/trang-1.chn?keywords=ACB (Caused by NameResolutionError("HTTPSConnection(host='cafef.vn', port=443): Failed to resolve 'cafef.vn' ([Errno -2] Name or service not known)")) - retrying in 2.0s[0m
2026-06-29 17:09:59 - src.scraper.http_client - WARNING - [33mGET https://cafef.vn/tim-kiem/trang-1.chn?keywords=ACB failed (attempt 2/3): ConnectionError: HTTPSConnectionPool(host='cafef.vn', port=443): Max retries exceeded with url: /tim-kiem/trang-1.chn?keywords=ACB (Caused by NameResolutionError("HTTPSConnection(host='cafef.vn', port=443): Failed to resolve 'cafef.vn' ([Errno -2] Name or service not known)")) - retrying in 4.0s[0m
2026-06-29 17:10:03 - src.scraper.http_client - WARNING - [33mGET https://cafef.vn/tim-kiem/trang-1.chn?keywords=ACB failed (attempt 3/3): ConnectionError: HTTPSConnectionPool(host='cafef.vn', port=443): Max retries exceeded with url: /tim-kiem/trang-1.chn?keywords=ACB (Caused by NameResolutionError("HTTPSConnection(host='cafef.vn', port=443): Failed to resolve 'cafef.vn' ([Errno -2] Name or service not known)")) - retrying in 6.0s[0m
2026-06-29 17:10:09 - src.scraper.http_client - ERROR - [31mGET https://cafef.vn/tim-kiem/trang-1.chn?keywords=ACB gave up after 3 retries: ConnectionError(MaxRetryError('HTTPSConnectionPool(host=\'cafef.vn\', port=443): Max retries exceeded with url: /tim-kiem/trang-1.chn?keywords=ACB (Caused by NameResolutionError("HTTPSConnection(host=\'cafef.vn\', port=443): Failed to resolve \'cafef.vn\' ([Errno -2] Name or service not known)"))'))[0m
2026-06-29 17:10:09 - src.scraper.engine.crawler - WARNING - [33mListing unreachable; stopping at page 1.[0m
2026-06-29 17:10:09 - src.scraper.engine.crawler - SUCCESS - [32mKeyword 'ACB' [cafef:ACB] -> 0 new, 0 skipped, 0 pages[0m
2026-06-29 17:10:09 - src.scraper.http_client - WARNING - [33mGET https://cafef.vn/tim-kiem/trang-1.chn?keywords=Ngân hàng Á Châu failed (attempt 1/3): ConnectionError: HTTPSConnectionPool(host='cafef.vn', port=443): Max retries exceeded with url: /tim-kiem/trang-1.chn?keywords=Ng%C3%A2n%20h%C3%A0ng%20%C3%81%20Ch%C3%A2u (Caused by NameResolutionError("HTTPSConnection(host='cafef.vn', port=443): Failed to resolve 'cafef.vn' ([Errno -2] Name or service not known)")) - retrying in 2.0s[0m
2026-06-29 17:10:11 - src.scraper.http_client - WARNING - [33mGET https://cafef.vn/tim-kiem/trang-1.chn?keywords=Ngân hàng Á Châu failed (attempt 2/3): ConnectionError: HTTPSConnectionPool(host='cafef.vn', port=443): Max retries exceeded with url: /tim-kiem/trang-1.chn?keywords=Ng%C3%A2n%20h%C3%A0ng%20%C3%81%20Ch%C3%A2u (Caused by NameResolutionError("HTTPSConnection(host='cafef.vn', port=443): Failed to resolve 'cafef.vn' ([Errno -2] Name or service not known)")) - retrying in 4.0s[0m
2026-06-29 17:10:15 - src.scraper.http_client - WARNING - [33mGET https://cafef.vn/tim-kiem/trang-1.chn?keywords=Ngân hàng Á Châu failed (attempt 3/3): ConnectionError: HTTPSConnectionPool(host='cafef.vn', port=443): Max retries exceeded with url: /tim-kiem/trang-1.chn?keywords=Ng%C3%A2n%20h%C3%A0ng%20%C3%81%20Ch%C3%A2u (Caused by NameResolutionError("HTTPSConnection(host='cafef.vn', port=443): Failed to resolve 'cafef.vn' ([Errno -2] Name or service not known)")) - retrying in 6.0s[0m
2026-06-29 17:10:21 - src.scraper.http_client - ERROR - [31mGET https://cafef.vn/tim-kiem/trang-1.chn?keywords=Ngân hàng Á Châu gave up after 3 retries: ConnectionError(MaxRetryError('HTTPSConnectionPool(host=\'cafef.vn\', port=443): Max retries exceeded with url: /tim-kiem/trang-1.chn?keywords=Ng%C3%A2n%20h%C3%A0ng%20%C3%81%20Ch%C3%A2u (Caused by NameResolutionError("HTTPSConnection(host=\'cafef.vn\', port=443): Failed to resolve \'cafef.vn\' ([Errno -2] Name or service not known)"))'))[0m
2026-06-29 17:10:21 - src.scraper.engine.crawler - WARNING - [33mListing unreachable; stopping at page 1.[0m
2026-06-29 17:10:21 - src.scraper.engine.crawler - SUCCESS - [32mKeyword 'Ngân hàng Á Châu' [cafef:ACB] -> 0 new, 0 skipped, 0 pages[0m
2026-06-29 17:10:21 - src.scraper.http_client - WARNING - [33mGET https://cafef.vn/tim-kiem/trang-1.chn?keywords=Asia Commercial Bank failed (attempt 1/3): ConnectionError: HTTPSConnectionPool(host='cafef.vn', port=443): Max retries exceeded with url: /tim-kiem/trang-1.chn?keywords=Asia%20Commercial%20Bank (Caused by NameResolutionError("HTTPSConnection(host='cafef.vn', port=443): Failed to resolve 'cafef.vn' ([Errno -2] Name or service not known)")) - retrying in 2.0s[0m
2026-06-29 17:10:23 - src.scraper.http_client - WARNING - [33mGET https://cafef.vn/tim-kiem/trang-1.chn?keywords=Asia Commercial Bank failed (attempt 2/3): ConnectionError: HTTPSConnectionPool(host='cafef.vn', port=443): Max retries exceeded with url: /tim-kiem/trang-1.chn?keywords=Asia%20Commercial%20Bank (Caused by NameResolutionError("HTTPSConnection(host='cafef.vn', port=443): Failed to resolve 'cafef.vn' ([Errno -2] Name or service not known)")) - retrying in 4.0s[0m
2026-06-29 17:10:27 - src.scraper.http_client - WARNING - [33mGET https://cafef.vn/tim-kiem/trang-1.chn?keywords=Asia Commercial Bank failed (attempt 3/3): ConnectionError: HTTPSConnectionPool(host='cafef.vn', port=443): Max retries exceeded with url: /tim-kiem/trang-1.chn?keywords=Asia%20Commercial%20Bank (Caused by NameResolutionError("HTTPSConnection(host='cafef.vn', port=443): Failed to resolve 'cafef.vn' ([Errno -2] Name or service not known)")) - retrying in 6.0s[0m
2026-06-29 17:10:33 - src.scraper.http_client - ERROR - [31mGET https://cafef.vn/tim-kiem/trang-1.chn?keywords=Asia Commercial Bank gave up after 3 retries: ConnectionError(MaxRetryError('HTTPSConnectionPool(host=\'cafef.vn\', port=443): Max retries exceeded with url: /tim-kiem/trang-1.chn?keywords=Asia%20Commercial%20Bank (Caused by NameResolutionError("HTTPSConnection(host=\'cafef.vn\', port=443): Failed to resolve \'cafef.vn\' ([Errno -2] Name or service not known)"))'))[0m
2026-06-29 17:10:33 - src.scraper.engine.crawler - WARNING - [33mListing unreachable; stopping at page 1.[0m
2026-06-29 17:10:33 - src.scraper.engine.crawler - SUCCESS - [32mKeyword 'Asia Commercial Bank' [cafef:ACB] -> 0 new, 0 skipped, 0 pages[0m
2026-06-29 17:10:34 - src.scraper.http_client - WARNING - [33mGET https://cafef.vn/tim-kiem/trang-1.chn?keywords=ACB Bank failed (attempt 1/3): ConnectionError: HTTPSConnectionPool(host='cafef.vn', port=443): Max retries exceeded with url: /tim-kiem/trang-1.chn?keywords=ACB%20Bank (Caused by NameResolutionError("HTTPSConnection(host='cafef.vn', port=443): Failed to resolve 'cafef.vn' ([Errno -2] Name or service not known)")) - retrying in 2.0s[0m
2026-06-29 17:10:36 - src.scraper.http_client - WARNING - [33mGET https://cafef.vn/tim-kiem/trang-1.chn?keywords=ACB Bank failed (attempt 2/3): ConnectionError: HTTPSConnectionPool(host='cafef.vn', port=443): Max retries exceeded with url: /tim-kiem/trang-1.chn?keywords=ACB%20Bank (Caused by NameResolutionError("HTTPSConnection(host='cafef.vn', port=443): Failed to resolve 'cafef.vn' ([Errno -2] Name or service not known)")) - retrying in 4.0s[0m
2026-06-29 17:10:40 - src.scraper.http_client - WARNING - [33mGET https://cafef.vn/tim-kiem/trang-1.chn?keywords=ACB Bank failed (attempt 3/3): ConnectionError: HTTPSConnectionPool(host='cafef.vn', port=443): Max retries exceeded with url: /tim-kiem/trang-1.chn?keywords=ACB%20Bank (Caused by NameResolutionError("HTTPSConnection(host='cafef.vn', port=443): Failed to resolve 'cafef.vn' ([Errno -2] Name or service not known)")) - retrying in 6.0s[0m
2026-06-29 17:10:46 - src.scraper.http_client - ERROR - [31mGET https://cafef.vn/tim-kiem/trang-1.chn?keywords=ACB Bank gave up after 3 retries: ConnectionError(MaxRetryError('HTTPSConnectionPool(host=\'cafef.vn\', port=443): Max retries exceeded with url: /tim-kiem/trang-1.chn?keywords=ACB%20Bank (Caused by NameResolutionError("HTTPSConnection(host=\'cafef.vn\', port=443): Failed to resolve \'cafef.vn\' ([Errno -2] Name or service not known)"))'))[0m
2026-06-29 17:10:46 - src.scraper.engine.crawler - WARNING - [33mListing unreachable; stopping at page 1.[0m
2026-06-29 17:10:46 - src.scraper.engine.crawler - SUCCESS - [32mKeyword 'ACB Bank' [cafef:ACB] -> 0 new, 0 skipped, 0 pages[0m
2026-06-29 17:10:46 - src.scraper.http_client - WARNING - [33mGET https://cafef.vn/tim-kiem/trang-1.chn?keywords=Ngân hàng ACB failed (attempt 1/3): ConnectionError: HTTPSConnectionPool(host='cafef.vn', port=443): Max retries exceeded with url: /tim-kiem/trang-1.chn?keywords=Ng%C3%A2n%20h%C3%A0ng%20ACB (Caused by NameResolutionError("HTTPSConnection(host='cafef.vn', port=443): Failed to resolve 'cafef.vn' ([Errno -2] Name or service not known)")) - retrying in 2.0s[0m
2026-06-29 17:10:48 - src.scraper.http_client - WARNING - [33mGET https://cafef.vn/tim-kiem/trang-1.chn?keywords=Ngân hàng ACB failed (attempt 2/3): ConnectionError: HTTPSConnectionPool(host='cafef.vn', port=443): Max retries exceeded with url: /tim-kiem/trang-1.chn?keywords=Ng%C3%A2n%20h%C3%A0ng%20ACB (Caused by NameResolutionError("HTTPSConnection(host='cafef.vn', port=443): Failed to resolve 'cafef.vn' ([Errno -2] Name or service not known)")) - retrying in 4.0s[0m
2026-06-29 17:10:52 - src.scraper.http_client - WARNING - [33mGET https://cafef.vn/tim-kiem/trang-1.chn?keywords=Ngân hàng ACB failed (attempt 3/3): ConnectionError: HTTPSConnectionPool(host='cafef.vn', port=443): Max retries exceeded with url: /tim-kiem/trang-1.chn?keywords=Ng%C3%A2n%20h%C3%A0ng%20ACB (Caused by NameResolutionError("HTTPSConnection(host='cafef.vn', port=443): Failed to resolve 'cafef.vn' ([Errno -2] Name or service not known)")) - retrying in 6.0s[0m
2026-06-29 17:10:58 - src.scraper.http_client - ERROR - [31mGET https://cafef.vn/tim-kiem/trang-1.chn?keywords=Ngân hàng ACB gave up after 3 retries: ConnectionError(MaxRetryError('HTTPSConnectionPool(host=\'cafef.vn\', port=443): Max retries exceeded with url: /tim-kiem/trang-1.chn?keywords=Ng%C3%A2n%20h%C3%A0ng%20ACB (Caused by NameResolutionError("HTTPSConnection(host=\'cafef.vn\', port=443): Failed to resolve \'cafef.vn\' ([Errno -2] Name or service not known)"))'))[0m
2026-06-29 17:10:58 - src.scraper.engine.crawler - WARNING - [33mListing unreachable; stopping at page 1.[0m
2026-06-29 17:10:58 - src.scraper.engine.crawler - SUCCESS - [32mKeyword 'Ngân hàng ACB' [cafef:ACB] -> 0 new, 0 skipped, 0 pages[0m
2026-06-29 17:10:58 - src.scraper.engine.pipeline - SUCCESS - [32mRun summary
  sources             : ['cafef']
  keywords processed  : 5
  articles found      : 0
  articles persisted  : 0
  articles skipped    : 0
  pages crawled       : 0
  errors              : 0[0m
2026-06-29 17:10:58 - src.scraper - INFO - [94mTotal elapsed: 61.2s[0m
