{"timestamp": "2026-06-30T11:00:17.951Z", "level": "INFO", "logger": "src.scraper", "message": "Plain log        : C:\\projects\\financial-news\\logs\\scraper\\scrape_20260630T180017_ACB.log", "asctime": "2026-06-30 18:00:17"}
{"timestamp": "2026-06-30T11:00:17.952Z", "level": "INFO", "logger": "src.scraper", "message": "JSON log         : C:\\projects\\financial-news\\logs\\scraper\\scrape_20260630T180017_ACB.json.log", "asctime": "2026-06-30 18:00:17"}
{"timestamp": "2026-06-30T11:00:17.952Z", "level": "INFO", "logger": "src.scraper", "message": "PostgreSQL       : localhost:5434/financial_metadata", "asctime": "2026-06-30 18:00:17"}
{"timestamp": "2026-06-30T11:00:17.953Z", "level": "INFO", "logger": "src.scraper", "message": "Content backend  : minio", "asctime": "2026-06-30 18:00:17"}
{"timestamp": "2026-06-30T11:00:17.953Z", "level": "INFO", "logger": "src.scraper", "message": "ADLS filesystem  : financialnews-datalake", "asctime": "2026-06-30 18:00:17"}
{"timestamp": "2026-06-30T11:00:17.953Z", "level": "INFO", "logger": "src.scraper", "message": "MinIO bucket     : financialnews-datalake", "asctime": "2026-06-30 18:00:17"}
{"timestamp": "2026-06-30T11:00:17.954Z", "level": "INFO", "logger": "src.scraper", "message": "Sources          : baomoi", "asctime": "2026-06-30 18:00:17"}
{"timestamp": "2026-06-30T11:00:17.954Z", "level": "INFO", "logger": "src.scraper", "message": "Tickers          : ['ACB']", "asctime": "2026-06-30 18:00:17"}
{"timestamp": "2026-06-30T11:00:17.954Z", "level": "INFO", "logger": "src.scraper", "message": "Max pages/keyword: 2", "asctime": "2026-06-30 18:00:17"}
{"timestamp": "2026-06-30T11:00:17.954Z", "level": "INFO", "logger": "src.scraper", "message": "Max keywords/ticker: 1", "asctime": "2026-06-30 18:00:17"}
{"timestamp": "2026-06-30T11:00:17.968Z", "level": "SUCCESS", "logger": "src.scraper.storage.repository", "message": "Connected to PostgreSQL localhost:5434/financial_metadata", "asctime": "2026-06-30 18:00:17"}
{"timestamp": "2026-06-30T11:00:18.098Z", "level": "SUCCESS", "logger": "src.scraper.storage.adls_writer", "message": "Connected to MinIO bucket 'financialnews-datalake'.", "asctime": "2026-06-30 18:00:18"}
{"timestamp": "2026-06-30T11:00:18.174Z", "level": "INFO", "logger": "src.scraper.engine.pipeline", "message": "Loaded 1 keyword(s) for 1 source(s).", "asctime": "2026-06-30 18:00:18"}
{"timestamp": "2026-06-30T11:00:18.213Z", "level": "INFO", "logger": "src.scraper.engine.pipeline", "message": "Crawl job 9ff374c7-5b5d-4586-b03e-9bed02b14030 started.", "asctime": "2026-06-30 18:00:18"}
{"timestamp": "2026-06-30T11:00:18.213Z", "level": "INFO", "logger": "src.scraper.engine.pipeline", "message": "=== Source: baomoi ===", "asctime": "2026-06-30 18:00:18"}
{"timestamp": "2026-06-30T11:00:18.281Z", "level": "INFO", "logger": "src.scraper.baomoi.baomoi_scraper", "message": "Rendering Bao Moi search for keyword 'ACB'.", "source_name": "baomoi", "ticker_symbol": "ACB", "keyword": "ACB", "asctime": "2026-06-30 18:00:18"}
{"timestamp": "2026-06-30T11:00:24.098Z", "level": "INFO", "logger": "src.scraper.baomoi.baomoi_scraper", "message": "Bao Moi keyword 'ACB': parsed 3 listing result(s).", "source_name": "baomoi", "ticker_symbol": "ACB", "keyword": "ACB", "asctime": "2026-06-30 18:00:24"}
{"timestamp": "2026-06-30T11:00:56.269Z", "level": "WARNING", "logger": "src.scraper.baomoi.baomoi_scraper", "message": "Bao Moi detail did not expose expected nodes: https://baomoi.com/phien-cuoi-thang-vn-index-tang-khoi-ngoai-ban-rong-nghin-ty-dong-c55512920.epi", "source_name": "baomoi", "ticker_symbol": "ACB", "keyword": "ACB", "asctime": "2026-06-30 18:00:56"}
{"timestamp": "2026-06-30T11:01:31.295Z", "level": "WARNING", "logger": "src.scraper.baomoi.baomoi_scraper", "message": "Bao Moi detail did not expose expected nodes: https://baomoi.com/thi-truong-xanh-vo-do-long-vn-index-chot-quy-2-tai-moc-1-860-c55512363.epi", "source_name": "baomoi", "ticker_symbol": "ACB", "keyword": "ACB", "asctime": "2026-06-30 18:01:31"}
{"timestamp": "2026-06-30T11:02:15.331Z", "level": "WARNING", "logger": "src.scraper.baomoi.baomoi_scraper", "message": "Bao Moi detail did not expose expected nodes: https://baomoi.com/chung-khoan-ngay-30-6-nhom-bat-dong-san-nang-do-thi-truong-vn-index-van-lui-ve-duoi-1-865-diem-c55512274.epi", "source_name": "baomoi", "ticker_symbol": "ACB", "keyword": "ACB", "asctime": "2026-06-30 18:02:15"}
{"timestamp": "2026-06-30T11:02:18.040Z", "level": "SUCCESS", "logger": "src.scraper.engine.crawler", "message": "Keyword 'ACB' [baomoi:ACB] -> 3 new, 0 skipped, 1 pages", "source_name": "baomoi", "ticker_symbol": "ACB", "keyword": "ACB", "asctime": "2026-06-30 18:02:18"}
{"timestamp": "2026-06-30T11:02:18.072Z", "level": "SUCCESS", "logger": "src.scraper.engine.pipeline", "message": "Run summary\n  sources             : ['baomoi']\n  keywords processed  : 1\n  articles found      : 3\n  articles persisted  : 3\n  articles skipped    : 0\n  pages crawled       : 1\n  errors              : 0", "asctime": "2026-06-30 18:02:18"}
{"timestamp": "2026-06-30T11:02:18.072Z", "level": "INFO", "logger": "src.scraper", "message": "Total elapsed: 120.1s", "asctime": "2026-06-30 18:02:18"}
