{"timestamp": "2026-06-03T19:05:58.079Z", "level": "INFO", "logger": "src.scraper", "message": "Logging this run to: /Users/kittnguyen/Documents/Project/financial-news/logs/scraper/scrape_20260604T020558.log", "asctime": "2026-06-04 02:05:58"}
{"timestamp": "2026-06-03T19:05:58.079Z", "level": "INFO", "logger": "src.scraper", "message": "JSON log (FluentBit): /Users/kittnguyen/Documents/Project/financial-news/logs/scraper/scrape_20260604T020558.json.log", "asctime": "2026-06-04 02:05:58"}
{"timestamp": "2026-06-03T19:05:58.080Z", "level": "INFO", "logger": "src.scraper", "message": "Project root      : /Users/kittnguyen/Documents/Project/financial-news", "asctime": "2026-06-04 02:05:58"}
{"timestamp": "2026-06-03T19:05:58.080Z", "level": "INFO", "logger": "src.scraper", "message": "Input Excel dir   : /Users/kittnguyen/Documents/Project/financial-news/data/raw", "asctime": "2026-06-04 02:05:58"}
{"timestamp": "2026-06-03T19:05:58.080Z", "level": "INFO", "logger": "src.scraper", "message": "PostgreSQL host   : localhost:5434", "asctime": "2026-06-04 02:05:58"}
{"timestamp": "2026-06-03T19:05:58.080Z", "level": "INFO", "logger": "src.scraper", "message": "MongoDB target    : financial_news.articles_content", "asctime": "2026-06-04 02:05:58"}
{"timestamp": "2026-06-03T19:05:58.080Z", "level": "INFO", "logger": "src.scraper", "message": "Max pages/keyword : 200", "asctime": "2026-06-04 02:05:58"}
{"timestamp": "2026-06-03T19:05:58.080Z", "level": "INFO", "logger": "src.scraper", "message": "Early-stop thresh : 100 consecutive known", "asctime": "2026-06-04 02:05:58"}
{"timestamp": "2026-06-03T19:05:58.080Z", "level": "INFO", "logger": "src.scraper.pipeline", "message": "Loading keyword table: /Users/kittnguyen/Documents/Project/financial-news/data/raw/vn30.xlsx", "asctime": "2026-06-04 02:05:58"}
{"timestamp": "2026-06-03T19:05:59.241Z", "level": "SUCCESS", "logger": "src.scraper.storage", "message": "Connected to PostgreSQL (localhost:5434) and MongoDB (financial_news.articles_content).", "asctime": "2026-06-04 02:05:59"}
{"timestamp": "2026-06-03T19:05:59.262Z", "level": "WARNING", "logger": "src.scraper.storage", "message": "Cleaned up 1 stale 'running' scrape run(s) from previous execution.", "asctime": "2026-06-04 02:05:59"}
{"timestamp": "2026-06-03T19:05:59.394Z", "level": "INFO", "logger": "src.scraper.pipeline", "message": "Scrape run #4 started.", "run_id": 4, "source_name": "cafef", "asctime": "2026-06-04 02:05:59"}
{"timestamp": "2026-06-03T19:05:59.395Z", "level": "INFO", "logger": "src.scraper.pipeline", "message": "[ACB] Ngân hàng TMCP Á Châu - 5 keyword(s)", "run_id": 4, "source_name": "cafef", "asctime": "2026-06-04 02:05:59"}
{"timestamp": "2026-06-03T19:06:06.454Z", "level": "INFO", "logger": "src.scraper.page_scraper", "message": "Early stop for 'ACB': 100 consecutive known articles reached.", "run_id": 4, "source_name": "cafef", "ticker_symbol": "ACB", "keyword": "ACB", "asctime": "2026-06-04 02:06:06"}
{"timestamp": "2026-06-03T19:06:06.454Z", "level": "SUCCESS", "logger": "src.scraper.page_scraper", "message": "Keyword 'ACB' [ACB] -> 0 new, 100 skipped, 5 pages (early-stop)", "run_id": 4, "source_name": "cafef", "ticker_symbol": "ACB", "keyword": "ACB", "asctime": "2026-06-04 02:06:06"}
{"timestamp": "2026-06-03T19:06:09.139Z", "level": "INFO", "logger": "src.scraper.page_scraper", "message": "Keyword 'Ngân hàng Á Châu' exhausted at page 2.", "run_id": 4, "source_name": "cafef", "ticker_symbol": "ACB", "keyword": "Ngân hàng Á Châu", "asctime": "2026-06-04 02:06:09"}
{"timestamp": "2026-06-03T19:06:09.139Z", "level": "SUCCESS", "logger": "src.scraper.page_scraper", "message": "Keyword 'Ngân hàng Á Châu' [ACB] -> 0 new, 3 skipped, 1 pages", "run_id": 4, "source_name": "cafef", "ticker_symbol": "ACB", "keyword": "Ngân hàng Á Châu", "asctime": "2026-06-04 02:06:09"}
{"timestamp": "2026-06-03T19:06:10.450Z", "level": "INFO", "logger": "src.scraper.page_scraper", "message": "Keyword 'Asia Commercial Bank' exhausted at page 1.", "run_id": 4, "source_name": "cafef", "ticker_symbol": "ACB", "keyword": "Asia Commercial Bank", "asctime": "2026-06-04 02:06:10"}
{"timestamp": "2026-06-03T19:06:10.451Z", "level": "SUCCESS", "logger": "src.scraper.page_scraper", "message": "Keyword 'Asia Commercial Bank' [ACB] -> 0 new, 0 skipped, 0 pages", "run_id": 4, "source_name": "cafef", "ticker_symbol": "ACB", "keyword": "Asia Commercial Bank", "asctime": "2026-06-04 02:06:10"}
{"timestamp": "2026-06-03T19:06:11.640Z", "level": "INFO", "logger": "src.scraper.page_scraper", "message": "Keyword 'ACB Bank' exhausted at page 1.", "run_id": 4, "source_name": "cafef", "ticker_symbol": "ACB", "keyword": "ACB Bank", "asctime": "2026-06-04 02:06:11"}
{"timestamp": "2026-06-03T19:06:11.640Z", "level": "SUCCESS", "logger": "src.scraper.page_scraper", "message": "Keyword 'ACB Bank' [ACB] -> 0 new, 0 skipped, 0 pages", "run_id": 4, "source_name": "cafef", "ticker_symbol": "ACB", "keyword": "ACB Bank", "asctime": "2026-06-04 02:06:11"}
{"timestamp": "2026-06-03T19:06:13.146Z", "level": "INFO", "logger": "src.scraper.page_scraper", "message": "Keyword 'Ngân hàng ACB' exhausted at page 1.", "run_id": 4, "source_name": "cafef", "ticker_symbol": "ACB", "keyword": "Ngân hàng ACB", "asctime": "2026-06-04 02:06:13"}
{"timestamp": "2026-06-03T19:06:13.147Z", "level": "SUCCESS", "logger": "src.scraper.page_scraper", "message": "Keyword 'Ngân hàng ACB' [ACB] -> 0 new, 0 skipped, 0 pages", "run_id": 4, "source_name": "cafef", "ticker_symbol": "ACB", "keyword": "Ngân hàng ACB", "asctime": "2026-06-04 02:06:13"}
{"timestamp": "2026-06-03T19:06:13.154Z", "level": "INFO", "logger": "src.scraper.pipeline", "message": "[BCM] Tổng công ty Đầu tư và Phát triển Công nghiệp – CTCP - 5 keyword(s)", "run_id": 4, "source_name": "cafef", "ticker_symbol": "ACB", "keyword": "Ngân hàng ACB", "asctime": "2026-06-04 02:06:13"}
{"timestamp": "2026-06-03T19:06:18.740Z", "level": "INFO", "logger": "src.scraper.page_scraper", "message": "Keyword 'BCM' exhausted at page 4.", "run_id": 4, "source_name": "cafef", "ticker_symbol": "BCM", "keyword": "BCM", "asctime": "2026-06-04 02:06:18"}
{"timestamp": "2026-06-03T19:06:18.740Z", "level": "SUCCESS", "logger": "src.scraper.page_scraper", "message": "Keyword 'BCM' [BCM] -> 0 new, 56 skipped, 3 pages", "run_id": 4, "source_name": "cafef", "ticker_symbol": "BCM", "keyword": "BCM", "asctime": "2026-06-04 02:06:18"}
{"timestamp": "2026-06-03T19:06:27.008Z", "level": "INFO", "logger": "src.scraper.page_scraper", "message": "Early stop for 'Becamex': 100 consecutive known articles reached.", "run_id": 4, "source_name": "cafef", "ticker_symbol": "BCM", "keyword": "Becamex", "asctime": "2026-06-04 02:06:27"}
{"timestamp": "2026-06-03T19:06:27.009Z", "level": "SUCCESS", "logger": "src.scraper.page_scraper", "message": "Keyword 'Becamex' [BCM] -> 0 new, 100 skipped, 5 pages (early-stop)", "run_id": 4, "source_name": "cafef", "ticker_symbol": "BCM", "keyword": "Becamex", "asctime": "2026-06-04 02:06:27"}
{"timestamp": "2026-06-03T19:06:32.193Z", "level": "INFO", "logger": "src.scraper.page_scraper", "message": "Early stop for 'Becamex IDC': 100 consecutive known articles reached.", "run_id": 4, "source_name": "cafef", "ticker_symbol": "BCM", "keyword": "Becamex IDC", "asctime": "2026-06-04 02:06:32"}
{"timestamp": "2026-06-03T19:06:32.193Z", "level": "SUCCESS", "logger": "src.scraper.page_scraper", "message": "Keyword 'Becamex IDC' [BCM] -> 0 new, 100 skipped, 5 pages (early-stop)", "run_id": 4, "source_name": "cafef", "ticker_symbol": "BCM", "keyword": "Becamex IDC", "asctime": "2026-06-04 02:06:32"}
{"timestamp": "2026-06-03T19:06:35.001Z", "level": "INFO", "logger": "src.scraper.page_scraper", "message": "Keyword 'Tổng công ty Becamex' exhausted at page 2.", "run_id": 4, "source_name": "cafef", "ticker_symbol": "BCM", "keyword": "Tổng công ty Becamex", "asctime": "2026-06-04 02:06:35"}
{"timestamp": "2026-06-03T19:06:35.001Z", "level": "SUCCESS", "logger": "src.scraper.page_scraper", "message": "Keyword 'Tổng công ty Becamex' [BCM] -> 0 new, 2 skipped, 1 pages", "run_id": 4, "source_name": "cafef", "ticker_symbol": "BCM", "keyword": "Tổng công ty Becamex", "asctime": "2026-06-04 02:06:35"}
{"timestamp": "2026-06-03T19:06:36.454Z", "level": "INFO", "logger": "src.scraper.page_scraper", "message": "Keyword 'Becamex Industrial' exhausted at page 1.", "run_id": 4, "source_name": "cafef", "ticker_symbol": "BCM", "keyword": "Becamex Industrial", "asctime": "2026-06-04 02:06:36"}
{"timestamp": "2026-06-03T19:06:36.455Z", "level": "SUCCESS", "logger": "src.scraper.page_scraper", "message": "Keyword 'Becamex Industrial' [BCM] -> 0 new, 0 skipped, 0 pages", "run_id": 4, "source_name": "cafef", "ticker_symbol": "BCM", "keyword": "Becamex Industrial", "asctime": "2026-06-04 02:06:36"}
{"timestamp": "2026-06-03T19:06:36.465Z", "level": "INFO", "logger": "src.scraper.pipeline", "message": "[BID] Ngân hàng TMCP Đầu tư và Phát triển Việt Nam - 4 keyword(s)", "run_id": 4, "source_name": "cafef", "ticker_symbol": "BCM", "keyword": "Becamex Industrial", "asctime": "2026-06-04 02:06:36"}
{"timestamp": "2026-06-03T19:06:44.208Z", "level": "INFO", "logger": "src.scraper.page_scraper", "message": "Early stop for 'BID': 100 consecutive known articles reached.", "run_id": 4, "source_name": "cafef", "ticker_symbol": "BID", "keyword": "BID", "asctime": "2026-06-04 02:06:44"}
{"timestamp": "2026-06-03T19:06:44.208Z", "level": "SUCCESS", "logger": "src.scraper.page_scraper", "message": "Keyword 'BID' [BID] -> 0 new, 100 skipped, 5 pages (early-stop)", "run_id": 4, "source_name": "cafef", "ticker_symbol": "BID", "keyword": "BID", "asctime": "2026-06-04 02:06:44"}
{"timestamp": "2026-06-03T19:06:50.214Z", "level": "INFO", "logger": "src.scraper.page_scraper", "message": "Early stop for 'BIDV': 100 consecutive known articles reached.", "run_id": 4, "source_name": "cafef", "ticker_symbol": "BID", "keyword": "BIDV", "asctime": "2026-06-04 02:06:50"}
{"timestamp": "2026-06-03T19:06:50.214Z", "level": "SUCCESS", "logger": "src.scraper.page_scraper", "message": "Keyword 'BIDV' [BID] -> 0 new, 100 skipped, 5 pages (early-stop)", "run_id": 4, "source_name": "cafef", "ticker_symbol": "BID", "keyword": "BIDV", "asctime": "2026-06-04 02:06:50"}
{"timestamp": "2026-06-03T19:06:51.553Z", "level": "INFO", "logger": "src.scraper.page_scraper", "message": "Keyword 'Bank for Investment and Development of Vietnam' exhausted at page 1.", "run_id": 4, "source_name": "cafef", "ticker_symbol": "BID", "keyword": "Bank for Investment and Development of Vietnam", "asctime": "2026-06-04 02:06:51"}
{"timestamp": "2026-06-03T19:06:51.553Z", "level": "SUCCESS", "logger": "src.scraper.page_scraper", "message": "Keyword 'Bank for Investment and Development of Vietnam' [BID] -> 0 new, 0 skipped, 0 pages", "run_id": 4, "source_name": "cafef", "ticker_symbol": "BID", "keyword": "Bank for Investment and Development of Vietnam", "asctime": "2026-06-04 02:06:51"}
{"timestamp": "2026-06-03T19:06:54.859Z", "level": "INFO", "logger": "src.scraper.page_scraper", "message": "Keyword 'Ngân hàng Đầu tư và Phát triển Việt Nam' exhausted at page 2.", "run_id": 4, "source_name": "cafef", "ticker_symbol": "BID", "keyword": "Ngân hàng Đầu tư và Phát triển Việt Nam", "asctime": "2026-06-04 02:06:54"}
{"timestamp": "2026-06-03T19:06:54.860Z", "level": "SUCCESS", "logger": "src.scraper.page_scraper", "message": "Keyword 'Ngân hàng Đầu tư và Phát triển Việt Nam' [BID] -> 0 new, 1 skipped, 1 pages", "run_id": 4, "source_name": "cafef", "ticker_symbol": "BID", "keyword": "Ngân hàng Đầu tư và Phát triển Việt Nam", "asctime": "2026-06-04 02:06:54"}
{"timestamp": "2026-06-03T19:06:54.872Z", "level": "INFO", "logger": "src.scraper.pipeline", "message": "[CTG] Ngân hàng TMCP Công Thương Việt Nam - 5 keyword(s)", "run_id": 4, "source_name": "cafef", "ticker_symbol": "BID", "keyword": "Ngân hàng Đầu tư và Phát triển Việt Nam", "asctime": "2026-06-04 02:06:54"}
{"timestamp": "2026-06-03T19:07:01.118Z", "level": "INFO", "logger": "src.scraper.page_scraper", "message": "Early stop for 'CTG': 100 consecutive known articles reached.", "run_id": 4, "source_name": "cafef", "ticker_symbol": "CTG", "keyword": "CTG", "asctime": "2026-06-04 02:07:01"}
{"timestamp": "2026-06-03T19:07:01.119Z", "level": "SUCCESS", "logger": "src.scraper.page_scraper", "message": "Keyword 'CTG' [CTG] -> 0 new, 100 skipped, 5 pages (early-stop)", "run_id": 4, "source_name": "cafef", "ticker_symbol": "CTG", "keyword": "CTG", "asctime": "2026-06-04 02:07:01"}
{"timestamp": "2026-06-03T19:10:53.003Z", "level": "WARNING", "logger": "src.scraper.http_client", "message": "GET https://cafef.vn/du-lieu-ai-chia-khoa-chuyen-doi-so-tai-vietinbank-188250819163344199.chn failed (attempt 1/3): HTTPError: 404 Client Error: Not Found for url: https://cafef.vn/du-lieu-ai-chia-khoa-chuyen-doi-so-tai-vietinbank-188250819163344199.chn - retrying in 1.0s", "run_id": 4, "source_name": "cafef", "ticker_symbol": "CTG", "keyword": "VietinBank", "asctime": "2026-06-04 02:10:53"}
{"timestamp": "2026-06-03T19:10:54.232Z", "level": "WARNING", "logger": "src.scraper.http_client", "message": "GET https://cafef.vn/du-lieu-ai-chia-khoa-chuyen-doi-so-tai-vietinbank-188250819163344199.chn failed (attempt 2/3): HTTPError: 404 Client Error: Not Found for url: https://cafef.vn/du-lieu-ai-chia-khoa-chuyen-doi-so-tai-vietinbank-188250819163344199.chn - retrying in 2.0s", "run_id": 4, "source_name": "cafef", "ticker_symbol": "CTG", "keyword": "VietinBank", "asctime": "2026-06-04 02:10:54"}
{"timestamp": "2026-06-03T19:10:56.334Z", "level": "WARNING", "logger": "src.scraper.http_client", "message": "GET https://cafef.vn/du-lieu-ai-chia-khoa-chuyen-doi-so-tai-vietinbank-188250819163344199.chn failed (attempt 3/3): HTTPError: 404 Client Error: Not Found for url: https://cafef.vn/du-lieu-ai-chia-khoa-chuyen-doi-so-tai-vietinbank-188250819163344199.chn - retrying in 3.0s", "run_id": 4, "source_name": "cafef", "ticker_symbol": "CTG", "keyword": "VietinBank", "asctime": "2026-06-04 02:10:56"}
{"timestamp": "2026-06-03T19:10:59.336Z", "level": "ERROR", "logger": "src.scraper.http_client", "message": "GET https://cafef.vn/du-lieu-ai-chia-khoa-chuyen-doi-so-tai-vietinbank-188250819163344199.chn gave up after 3 retries: HTTPError('404 Client Error: Not Found for url: https://cafef.vn/du-lieu-ai-chia-khoa-chuyen-doi-so-tai-vietinbank-188250819163344199.chn')", "run_id": 4, "source_name": "cafef", "ticker_symbol": "CTG", "keyword": "VietinBank", "asctime": "2026-06-04 02:10:59"}
{"timestamp": "2026-06-03T19:10:59.336Z", "level": "ERROR", "logger": "src.scraper.detail_scraper", "message": "Detail fetch failed: https://cafef.vn/du-lieu-ai-chia-khoa-chuyen-doi-so-tai-vietinbank-188250819163344199.chn", "run_id": 4, "source_name": "cafef", "ticker_symbol": "CTG", "keyword": "VietinBank", "asctime": "2026-06-04 02:10:59"}
{"timestamp": "2026-06-03T19:20:30.909Z", "level": "WARNING", "logger": "src.scraper.pipeline", "message": "Pipeline interrupted by user (Ctrl+C).", "run_id": 4, "source_name": "cafef", "ticker_symbol": "CTG", "keyword": "VietinBank", "asctime": "2026-06-04 02:20:30"}
{"timestamp": "2026-06-03T19:20:30.969Z", "level": "WARNING", "logger": "src.scraper.metrics", "message": "Failed to push scraper metrics to pushgateway:9091: <urlopen error [Errno 8] nodename nor servname provided, or not known>", "run_id": 4, "source_name": "cafef", "ticker_symbol": "CTG", "keyword": "VietinBank", "asctime": "2026-06-04 02:20:30"}
{"timestamp": "2026-06-03T19:20:31.025Z", "level": "INFO", "logger": "src.scraper.metrics", "message": "Scraper metrics pushed to Pushgateway (localhost:9091): found=662, new=0, skipped=662, pages=36, errors=0, duration=872.3s, volume=0 bytes", "run_id": 4, "source_name": "cafef", "ticker_symbol": "CTG", "keyword": "VietinBank", "asctime": "2026-06-04 02:20:31"}
{"timestamp": "2026-06-03T19:20:31.027Z", "level": "SUCCESS", "logger": "src.scraper.pipeline", "message": "Run summary\n  tickers processed   : 4\n  keywords processed  : 15\n  articles found      : 662\n  articles persisted  : 0\n  articles skipped    : 662\n  pages crawled       : 36\n  errors              : 0\n  failed keywords     : 0", "asctime": "2026-06-04 02:20:31"}
{"timestamp": "2026-06-03T19:20:31.027Z", "level": "INFO", "logger": "src.scraper", "message": "No new scraped articles detected; auto-ingestion is skipped.", "asctime": "2026-06-04 02:20:31"}
{"timestamp": "2026-06-03T19:20:31.028Z", "level": "INFO", "logger": "src.scraper", "message": "Total elapsed: 872.9s", "asctime": "2026-06-04 02:20:31"}
