{"timestamp": "2026-06-30T06:55:56.548Z", "level": "INFO", "logger": "src.scraper", "message": "Plain log        : C:\\projects\\financial-news\\logs\\scraper\\scrape_20260630T135556_ACB.log", "asctime": "2026-06-30 13:55:56"}
{"timestamp": "2026-06-30T06:55:56.548Z", "level": "INFO", "logger": "src.scraper", "message": "JSON log         : C:\\projects\\financial-news\\logs\\scraper\\scrape_20260630T135556_ACB.json.log", "asctime": "2026-06-30 13:55:56"}
{"timestamp": "2026-06-30T06:55:56.548Z", "level": "INFO", "logger": "src.scraper", "message": "PostgreSQL       : localhost:5434/financial_metadata", "asctime": "2026-06-30 13:55:56"}
{"timestamp": "2026-06-30T06:55:56.548Z", "level": "INFO", "logger": "src.scraper", "message": "Content backend  : minio", "asctime": "2026-06-30 13:55:56"}
{"timestamp": "2026-06-30T06:55:56.548Z", "level": "INFO", "logger": "src.scraper", "message": "ADLS filesystem  : financialnews-datalake", "asctime": "2026-06-30 13:55:56"}
{"timestamp": "2026-06-30T06:55:56.548Z", "level": "INFO", "logger": "src.scraper", "message": "MinIO bucket     : financialnews-datalake", "asctime": "2026-06-30 13:55:56"}
{"timestamp": "2026-06-30T06:55:56.548Z", "level": "INFO", "logger": "src.scraper", "message": "Sources          : vnexpress", "asctime": "2026-06-30 13:55:56"}
{"timestamp": "2026-06-30T06:55:56.548Z", "level": "INFO", "logger": "src.scraper", "message": "Tickers          : ['ACB']", "asctime": "2026-06-30 13:55:56"}
{"timestamp": "2026-06-30T06:55:56.548Z", "level": "INFO", "logger": "src.scraper", "message": "Max pages/keyword: 1", "asctime": "2026-06-30 13:55:56"}
{"timestamp": "2026-06-30T06:55:56.548Z", "level": "INFO", "logger": "src.scraper", "message": "Max keywords/ticker: 1", "asctime": "2026-06-30 13:55:56"}
{"timestamp": "2026-06-30T06:55:56.738Z", "level": "SUCCESS", "logger": "src.scraper.storage.repository", "message": "Connected to PostgreSQL localhost:5434/financial_metadata", "asctime": "2026-06-30 13:55:56"}
{"timestamp": "2026-06-30T06:55:57.014Z", "level": "SUCCESS", "logger": "src.scraper.storage.adls_writer", "message": "Connected to MinIO bucket 'financialnews-datalake'.", "asctime": "2026-06-30 13:55:57"}
{"timestamp": "2026-06-30T06:55:57.085Z", "level": "INFO", "logger": "src.scraper.engine.pipeline", "message": "Loaded 1 keyword(s) for 1 source(s).", "asctime": "2026-06-30 13:55:57"}
{"timestamp": "2026-06-30T06:55:57.119Z", "level": "INFO", "logger": "src.scraper.engine.pipeline", "message": "Crawl job fd8059ff-939e-48a7-87b3-928e857431bd started.", "asctime": "2026-06-30 13:55:57"}
{"timestamp": "2026-06-30T06:55:57.119Z", "level": "INFO", "logger": "src.scraper.engine.pipeline", "message": "=== Source: vnexpress ===", "asctime": "2026-06-30 13:55:57"}
{"timestamp": "2026-06-30T06:55:57.331Z", "level": "INFO", "logger": "src.scraper.vnexpress.vnexpress_scraper", "message": "Rendering VnExpress search for keyword 'ACB'.", "source_name": "vnexpress", "ticker_symbol": "ACB", "keyword": "ACB", "asctime": "2026-06-30 13:55:57"}
{"timestamp": "2026-06-30T06:56:15.961Z", "level": "INFO", "logger": "src.scraper.vnexpress.vnexpress_scraper", "message": "VnExpress keyword 'ACB': parsed 2 listing result(s).", "source_name": "vnexpress", "ticker_symbol": "ACB", "keyword": "ACB", "asctime": "2026-06-30 13:56:15"}
{"timestamp": "2026-06-30T06:56:43.813Z", "level": "WARNING", "logger": "src.scraper.engine.crawler", "message": "Image fetch failed: https://i1-kinhdoanh.vnecdn.net/2026/06/05/pr-xanh-copy-1780652286-3615-1780652539.jpg?w=300&h=180&q=100&dpr=1&fit=crop&s=Od69wrni0SVaSzL6w5Eb5A", "source_name": "vnexpress", "ticker_symbol": "ACB", "keyword": "ACB", "asctime": "2026-06-30 13:56:43"}
{"timestamp": "2026-06-30T06:57:18.937Z", "level": "WARNING", "logger": "src.scraper.engine.crawler", "message": "Image fetch failed: https://i1-kinhdoanh.vnecdn.net/2026/05/28/acb1-1779942881-7115-1779942958.png?w=300&h=180&q=100&dpr=1&fit=crop&s=o6ZcgZecOu83TSO9yh0b5A", "source_name": "vnexpress", "ticker_symbol": "ACB", "keyword": "ACB", "asctime": "2026-06-30 13:57:18"}
{"timestamp": "2026-06-30T06:57:26.517Z", "level": "WARNING", "logger": "src.scraper.engine.crawler", "message": "Image fetch failed: https://vcdn1-kinhdoanh.vnecdn.net/2026/05/28/ACB1-1779942815-4079-1779942957.png?w=1020&h=0&q=100&dpr=1&fit=crop&s=tidCciyDQvTdjjKiQ8Axcw", "source_name": "vnexpress", "ticker_symbol": "ACB", "keyword": "ACB", "asctime": "2026-06-30 13:57:26"}
{"timestamp": "2026-06-30T06:57:33.618Z", "level": "WARNING", "logger": "src.scraper.engine.crawler", "message": "Image fetch failed: https://vcdn1-kinhdoanh.vnecdn.net/2026/05/28/ACB-2-1779942838-9180-1779942958.png?w=1020&h=0&q=100&dpr=1&fit=crop&s=hj8DyObZi9nrp8EQmw8Q5A", "source_name": "vnexpress", "ticker_symbol": "ACB", "keyword": "ACB", "asctime": "2026-06-30 13:57:33"}
{"timestamp": "2026-06-30T06:57:33.648Z", "level": "SUCCESS", "logger": "src.scraper.engine.crawler", "message": "Keyword 'ACB' [vnexpress:ACB] -> 2 new, 0 skipped, 1 pages", "source_name": "vnexpress", "ticker_symbol": "ACB", "keyword": "ACB", "asctime": "2026-06-30 13:57:33"}
{"timestamp": "2026-06-30T06:57:33.685Z", "level": "SUCCESS", "logger": "src.scraper.engine.pipeline", "message": "Run summary\n  sources             : ['vnexpress']\n  keywords processed  : 1\n  articles found      : 2\n  articles persisted  : 2\n  articles skipped    : 0\n  pages crawled       : 1\n  errors              : 0", "asctime": "2026-06-30 13:57:33"}
{"timestamp": "2026-06-30T06:57:33.685Z", "level": "INFO", "logger": "src.scraper", "message": "Total elapsed: 97.1s", "asctime": "2026-06-30 13:57:33"}
