2026-06-29 17:16:46 - src.scraper - INFO - [94mPlain log        : /app/logs/scraper/scrape_20260629T171646_ACB.log[0m
2026-06-29 17:16:46 - src.scraper - INFO - [94mJSON log         : /app/logs/scraper/scrape_20260629T171646_ACB.json.log[0m
2026-06-29 17:16:46 - src.scraper - INFO - [94mPostgreSQL       : postgresql:5432/financial_metadata[0m
2026-06-29 17:16:46 - src.scraper - INFO - [94mContent backend  : minio[0m
2026-06-29 17:16:46 - src.scraper - INFO - [94mADLS filesystem  : financialnews-datalake[0m
2026-06-29 17:16:46 - src.scraper - INFO - [94mMinIO bucket     : financialnews-datalake[0m
2026-06-29 17:16:46 - src.scraper - INFO - [94mSources          : thanhnien[0m
2026-06-29 17:16:46 - src.scraper - INFO - [94mTickers          : ['ACB'][0m
2026-06-29 17:16:46 - src.scraper - INFO - [94mMax pages/keyword: 200[0m
2026-06-29 17:16:46 - src.scraper - INFO - [94mMax keywords/ticker: 5[0m
2026-06-29 17:16:46 - src.scraper.storage.repository - SUCCESS - [32mConnected to PostgreSQL postgresql:5432/financial_metadata[0m
2026-06-29 17:16:46 - src.scraper.storage.adls_writer - SUCCESS - [32mConnected to MinIO bucket 'financialnews-datalake'.[0m
2026-06-29 17:16:46 - src.scraper.engine.pipeline - INFO - [94mLoaded 5 keyword(s) for 1 source(s).[0m
2026-06-29 17:16:46 - src.scraper.engine.pipeline - INFO - [94mCrawl job fa8df61b-0194-4999-aacf-0d250d3a0910 started.[0m
2026-06-29 17:16:46 - src.scraper.engine.pipeline - INFO - [94m=== Source: thanhnien ===[0m
2026-06-29 17:16:47 - src.scraper.thanhnien.thanhnien_scraper - INFO - [94mRendering Thanh Nien search: https://thanhnien.vn/tim-kiem.htm?keywords=ACB[0m
2026-06-29 17:16:48 - src.scraper.engine.pipeline - ERROR - [31m[thanhnien:ACB] keyword 'ACB' failed: BrowserType.launch: Executable doesn't exist at /root/.cache/ms-playwright/chromium_headless_shell-1223/chrome-headless-shell-linux64/chrome-headless-shell
╔════════════════════════════════════════════════════════════╗
║ Looks like Playwright was just installed or updated.       ║
║ Please run the following command to download new browsers: ║
║                                                            ║
║     playwright install                                     ║
║                                                            ║
║ <3 Playwright Team                                         ║
╚════════════════════════════════════════════════════════════╝[0m
Traceback (most recent call last):
  File "/app/src/scraper/engine/pipeline.py", line 130, in run_pipeline
    result = crawl_keyword(
             ^^^^^^^^^^^^^^
  File "/app/src/scraper/engine/crawler.py", line 91, in crawl_keyword
    entries = _fetch_listing(ctx, page, result)
              ^^^^^^^^^^^^^^^^^^^^^^^^^^^^^^^^^
  File "/app/src/scraper/engine/crawler.py", line 123, in _fetch_listing
    entries = browser_fetcher(ctx.record.keyword, ctx.settings)
              ^^^^^^^^^^^^^^^^^^^^^^^^^^^^^^^^^^^^^^^^^^^^^^^^^
  File "/app/src/scraper/thanhnien/thanhnien_scraper.py", line 114, in fetch_listing_entries
    browser = playwright.chromium.launch(headless=True)
              ^^^^^^^^^^^^^^^^^^^^^^^^^^^^^^^^^^^^^^^^^
  File "/usr/local/lib/python3.12/site-packages/playwright/sync_api/_generated.py", line 16269, in launch
    self._sync(
  File "/usr/local/lib/python3.12/site-packages/playwright/_impl/_sync_base.py", line 115, in _sync
    return task.result()
           ^^^^^^^^^^^^^
  File "/usr/local/lib/python3.12/site-packages/playwright/_impl/_browser_type.py", line 98, in launch
    await self._channel.send(
  File "/usr/local/lib/python3.12/site-packages/playwright/_impl/_connection.py", line 69, in send
    return await self._connection.wrap_api_call(
           ^^^^^^^^^^^^^^^^^^^^^^^^^^^^^^^^^^^^^
  File "/usr/local/lib/python3.12/site-packages/playwright/_impl/_connection.py", line 559, in wrap_api_call
    raise rewrite_error(error, f"{parsed_st['apiName']}: {error}") from None
playwright._impl._errors.Error: BrowserType.launch: Executable doesn't exist at /root/.cache/ms-playwright/chromium_headless_shell-1223/chrome-headless-shell-linux64/chrome-headless-shell
╔════════════════════════════════════════════════════════════╗
║ Looks like Playwright was just installed or updated.       ║
║ Please run the following command to download new browsers: ║
║                                                            ║
║     playwright install                                     ║
║                                                            ║
║ <3 Playwright Team                                         ║
╚════════════════════════════════════════════════════════════╝
2026-06-29 17:16:48 - src.scraper.thanhnien.thanhnien_scraper - INFO - [94mRendering Thanh Nien search: https://thanhnien.vn/tim-kiem.htm?keywords=Ng%C3%A2n+h%C3%A0ng+%C3%81+Ch%C3%A2u[0m
2026-06-29 17:16:48 - src.scraper.engine.pipeline - ERROR - [31m[thanhnien:ACB] keyword 'Ngân hàng Á Châu' failed: BrowserType.launch: Executable doesn't exist at /root/.cache/ms-playwright/chromium_headless_shell-1223/chrome-headless-shell-linux64/chrome-headless-shell
╔════════════════════════════════════════════════════════════╗
║ Looks like Playwright was just installed or updated.       ║
║ Please run the following command to download new browsers: ║
║                                                            ║
║     playwright install                                     ║
║                                                            ║
║ <3 Playwright Team                                         ║
╚════════════════════════════════════════════════════════════╝[0m
Traceback (most recent call last):
  File "/app/src/scraper/engine/pipeline.py", line 130, in run_pipeline
    result = crawl_keyword(
             ^^^^^^^^^^^^^^
  File "/app/src/scraper/engine/crawler.py", line 91, in crawl_keyword
    entries = _fetch_listing(ctx, page, result)
              ^^^^^^^^^^^^^^^^^^^^^^^^^^^^^^^^^
  File "/app/src/scraper/engine/crawler.py", line 123, in _fetch_listing
    entries = browser_fetcher(ctx.record.keyword, ctx.settings)
              ^^^^^^^^^^^^^^^^^^^^^^^^^^^^^^^^^^^^^^^^^^^^^^^^^
  File "/app/src/scraper/thanhnien/thanhnien_scraper.py", line 114, in fetch_listing_entries
    browser = playwright.chromium.launch(headless=True)
              ^^^^^^^^^^^^^^^^^^^^^^^^^^^^^^^^^^^^^^^^^
  File "/usr/local/lib/python3.12/site-packages/playwright/sync_api/_generated.py", line 16269, in launch
    self._sync(
  File "/usr/local/lib/python3.12/site-packages/playwright/_impl/_sync_base.py", line 115, in _sync
    return task.result()
           ^^^^^^^^^^^^^
  File "/usr/local/lib/python3.12/site-packages/playwright/_impl/_browser_type.py", line 98, in launch
    await self._channel.send(
  File "/usr/local/lib/python3.12/site-packages/playwright/_impl/_connection.py", line 69, in send
    return await self._connection.wrap_api_call(
           ^^^^^^^^^^^^^^^^^^^^^^^^^^^^^^^^^^^^^
  File "/usr/local/lib/python3.12/site-packages/playwright/_impl/_connection.py", line 559, in wrap_api_call
    raise rewrite_error(error, f"{parsed_st['apiName']}: {error}") from None
playwright._impl._errors.Error: BrowserType.launch: Executable doesn't exist at /root/.cache/ms-playwright/chromium_headless_shell-1223/chrome-headless-shell-linux64/chrome-headless-shell
╔════════════════════════════════════════════════════════════╗
║ Looks like Playwright was just installed or updated.       ║
║ Please run the following command to download new browsers: ║
║                                                            ║
║     playwright install                                     ║
║                                                            ║
║ <3 Playwright Team                                         ║
╚════════════════════════════════════════════════════════════╝
2026-06-29 17:16:48 - src.scraper.thanhnien.thanhnien_scraper - INFO - [94mRendering Thanh Nien search: https://thanhnien.vn/tim-kiem.htm?keywords=Asia+Commercial+Bank[0m
2026-06-29 17:16:49 - src.scraper.engine.pipeline - ERROR - [31m[thanhnien:ACB] keyword 'Asia Commercial Bank' failed: BrowserType.launch: Executable doesn't exist at /root/.cache/ms-playwright/chromium_headless_shell-1223/chrome-headless-shell-linux64/chrome-headless-shell
╔════════════════════════════════════════════════════════════╗
║ Looks like Playwright was just installed or updated.       ║
║ Please run the following command to download new browsers: ║
║                                                            ║
║     playwright install                                     ║
║                                                            ║
║ <3 Playwright Team                                         ║
╚════════════════════════════════════════════════════════════╝[0m
Traceback (most recent call last):
  File "/app/src/scraper/engine/pipeline.py", line 130, in run_pipeline
    result = crawl_keyword(
             ^^^^^^^^^^^^^^
  File "/app/src/scraper/engine/crawler.py", line 91, in crawl_keyword
    entries = _fetch_listing(ctx, page, result)
              ^^^^^^^^^^^^^^^^^^^^^^^^^^^^^^^^^
  File "/app/src/scraper/engine/crawler.py", line 123, in _fetch_listing
    entries = browser_fetcher(ctx.record.keyword, ctx.settings)
              ^^^^^^^^^^^^^^^^^^^^^^^^^^^^^^^^^^^^^^^^^^^^^^^^^
  File "/app/src/scraper/thanhnien/thanhnien_scraper.py", line 114, in fetch_listing_entries
    browser = playwright.chromium.launch(headless=True)
              ^^^^^^^^^^^^^^^^^^^^^^^^^^^^^^^^^^^^^^^^^
  File "/usr/local/lib/python3.12/site-packages/playwright/sync_api/_generated.py", line 16269, in launch
    self._sync(
  File "/usr/local/lib/python3.12/site-packages/playwright/_impl/_sync_base.py", line 115, in _sync
    return task.result()
           ^^^^^^^^^^^^^
  File "/usr/local/lib/python3.12/site-packages/playwright/_impl/_browser_type.py", line 98, in launch
    await self._channel.send(
  File "/usr/local/lib/python3.12/site-packages/playwright/_impl/_connection.py", line 69, in send
    return await self._connection.wrap_api_call(
           ^^^^^^^^^^^^^^^^^^^^^^^^^^^^^^^^^^^^^
  File "/usr/local/lib/python3.12/site-packages/playwright/_impl/_connection.py", line 559, in wrap_api_call
    raise rewrite_error(error, f"{parsed_st['apiName']}: {error}") from None
playwright._impl._errors.Error: BrowserType.launch: Executable doesn't exist at /root/.cache/ms-playwright/chromium_headless_shell-1223/chrome-headless-shell-linux64/chrome-headless-shell
╔════════════════════════════════════════════════════════════╗
║ Looks like Playwright was just installed or updated.       ║
║ Please run the following command to download new browsers: ║
║                                                            ║
║     playwright install                                     ║
║                                                            ║
║ <3 Playwright Team                                         ║
╚════════════════════════════════════════════════════════════╝
2026-06-29 17:16:49 - src.scraper.thanhnien.thanhnien_scraper - INFO - [94mRendering Thanh Nien search: https://thanhnien.vn/tim-kiem.htm?keywords=ACB+Bank[0m
2026-06-29 17:16:49 - src.scraper.engine.pipeline - ERROR - [31m[thanhnien:ACB] keyword 'ACB Bank' failed: BrowserType.launch: Executable doesn't exist at /root/.cache/ms-playwright/chromium_headless_shell-1223/chrome-headless-shell-linux64/chrome-headless-shell
╔════════════════════════════════════════════════════════════╗
║ Looks like Playwright was just installed or updated.       ║
║ Please run the following command to download new browsers: ║
║                                                            ║
║     playwright install                                     ║
║                                                            ║
║ <3 Playwright Team                                         ║
╚════════════════════════════════════════════════════════════╝[0m
Traceback (most recent call last):
  File "/app/src/scraper/engine/pipeline.py", line 130, in run_pipeline
    result = crawl_keyword(
             ^^^^^^^^^^^^^^
  File "/app/src/scraper/engine/crawler.py", line 91, in crawl_keyword
    entries = _fetch_listing(ctx, page, result)
              ^^^^^^^^^^^^^^^^^^^^^^^^^^^^^^^^^
  File "/app/src/scraper/engine/crawler.py", line 123, in _fetch_listing
    entries = browser_fetcher(ctx.record.keyword, ctx.settings)
              ^^^^^^^^^^^^^^^^^^^^^^^^^^^^^^^^^^^^^^^^^^^^^^^^^
  File "/app/src/scraper/thanhnien/thanhnien_scraper.py", line 114, in fetch_listing_entries
    browser = playwright.chromium.launch(headless=True)
              ^^^^^^^^^^^^^^^^^^^^^^^^^^^^^^^^^^^^^^^^^
  File "/usr/local/lib/python3.12/site-packages/playwright/sync_api/_generated.py", line 16269, in launch
    self._sync(
  File "/usr/local/lib/python3.12/site-packages/playwright/_impl/_sync_base.py", line 115, in _sync
    return task.result()
           ^^^^^^^^^^^^^
  File "/usr/local/lib/python3.12/site-packages/playwright/_impl/_browser_type.py", line 98, in launch
    await self._channel.send(
  File "/usr/local/lib/python3.12/site-packages/playwright/_impl/_connection.py", line 69, in send
    return await self._connection.wrap_api_call(
           ^^^^^^^^^^^^^^^^^^^^^^^^^^^^^^^^^^^^^
  File "/usr/local/lib/python3.12/site-packages/playwright/_impl/_connection.py", line 559, in wrap_api_call
    raise rewrite_error(error, f"{parsed_st['apiName']}: {error}") from None
playwright._impl._errors.Error: BrowserType.launch: Executable doesn't exist at /root/.cache/ms-playwright/chromium_headless_shell-1223/chrome-headless-shell-linux64/chrome-headless-shell
╔════════════════════════════════════════════════════════════╗
║ Looks like Playwright was just installed or updated.       ║
║ Please run the following command to download new browsers: ║
║                                                            ║
║     playwright install                                     ║
║                                                            ║
║ <3 Playwright Team                                         ║
╚════════════════════════════════════════════════════════════╝
2026-06-29 17:16:49 - src.scraper.thanhnien.thanhnien_scraper - INFO - [94mRendering Thanh Nien search: https://thanhnien.vn/tim-kiem.htm?keywords=Ng%C3%A2n+h%C3%A0ng+ACB[0m
2026-06-29 17:16:50 - src.scraper.engine.pipeline - ERROR - [31m[thanhnien:ACB] keyword 'Ngân hàng ACB' failed: BrowserType.launch: Executable doesn't exist at /root/.cache/ms-playwright/chromium_headless_shell-1223/chrome-headless-shell-linux64/chrome-headless-shell
╔════════════════════════════════════════════════════════════╗
║ Looks like Playwright was just installed or updated.       ║
║ Please run the following command to download new browsers: ║
║                                                            ║
║     playwright install                                     ║
║                                                            ║
║ <3 Playwright Team                                         ║
╚════════════════════════════════════════════════════════════╝[0m
Traceback (most recent call last):
  File "/app/src/scraper/engine/pipeline.py", line 130, in run_pipeline
    result = crawl_keyword(
             ^^^^^^^^^^^^^^
  File "/app/src/scraper/engine/crawler.py", line 91, in crawl_keyword
    entries = _fetch_listing(ctx, page, result)
              ^^^^^^^^^^^^^^^^^^^^^^^^^^^^^^^^^
  File "/app/src/scraper/engine/crawler.py", line 123, in _fetch_listing
    entries = browser_fetcher(ctx.record.keyword, ctx.settings)
              ^^^^^^^^^^^^^^^^^^^^^^^^^^^^^^^^^^^^^^^^^^^^^^^^^
  File "/app/src/scraper/thanhnien/thanhnien_scraper.py", line 114, in fetch_listing_entries
    browser = playwright.chromium.launch(headless=True)
              ^^^^^^^^^^^^^^^^^^^^^^^^^^^^^^^^^^^^^^^^^
  File "/usr/local/lib/python3.12/site-packages/playwright/sync_api/_generated.py", line 16269, in launch
    self._sync(
  File "/usr/local/lib/python3.12/site-packages/playwright/_impl/_sync_base.py", line 115, in _sync
    return task.result()
           ^^^^^^^^^^^^^
  File "/usr/local/lib/python3.12/site-packages/playwright/_impl/_browser_type.py", line 98, in launch
    await self._channel.send(
  File "/usr/local/lib/python3.12/site-packages/playwright/_impl/_connection.py", line 69, in send
    return await self._connection.wrap_api_call(
           ^^^^^^^^^^^^^^^^^^^^^^^^^^^^^^^^^^^^^
  File "/usr/local/lib/python3.12/site-packages/playwright/_impl/_connection.py", line 559, in wrap_api_call
    raise rewrite_error(error, f"{parsed_st['apiName']}: {error}") from None
playwright._impl._errors.Error: BrowserType.launch: Executable doesn't exist at /root/.cache/ms-playwright/chromium_headless_shell-1223/chrome-headless-shell-linux64/chrome-headless-shell
╔════════════════════════════════════════════════════════════╗
║ Looks like Playwright was just installed or updated.       ║
║ Please run the following command to download new browsers: ║
║                                                            ║
║     playwright install                                     ║
║                                                            ║
║ <3 Playwright Team                                         ║
╚════════════════════════════════════════════════════════════╝
2026-06-29 17:16:50 - src.scraper.engine.pipeline - SUCCESS - [32mRun summary
  sources             : ['thanhnien']
  keywords processed  : 5
  articles found      : 0
  articles persisted  : 0
  articles skipped    : 0
  pages crawled       : 0
  errors              : 5
  failed -> ['thanhnien:ACB:ACB', 'thanhnien:ACB:Ngân hàng Á Châu', 'thanhnien:ACB:Asia Commercial Bank', 'thanhnien:ACB:ACB Bank', 'thanhnien:ACB:Ngân hàng ACB'][0m
2026-06-29 17:16:50 - src.scraper - INFO - [94mTotal elapsed: 3.8s[0m
