{"timestamp": "2026-06-28T09:10:40.219Z", "level": "INFO", "logger": "src.scraper", "message": "Plain log        : /Users/kittnguyen/Documents/Project/financial-news/logs/scraper/scrape_20260628T161040_ACB.log", "asctime": "2026-06-28 16:10:40"}
{"timestamp": "2026-06-28T09:10:40.221Z", "level": "INFO", "logger": "src.scraper", "message": "JSON log         : /Users/kittnguyen/Documents/Project/financial-news/logs/scraper/scrape_20260628T161040_ACB.json.log", "asctime": "2026-06-28 16:10:40"}
{"timestamp": "2026-06-28T09:10:40.221Z", "level": "INFO", "logger": "src.scraper", "message": "PostgreSQL       : localhost:5434/financial_metadata", "asctime": "2026-06-28 16:10:40"}
{"timestamp": "2026-06-28T09:10:40.222Z", "level": "INFO", "logger": "src.scraper", "message": "ADLS filesystem  : financialnews-datalake", "asctime": "2026-06-28 16:10:40"}
{"timestamp": "2026-06-28T09:10:40.222Z", "level": "INFO", "logger": "src.scraper", "message": "Sources          : all", "asctime": "2026-06-28 16:10:40"}
{"timestamp": "2026-06-28T09:10:40.222Z", "level": "INFO", "logger": "src.scraper", "message": "Tickers          : ['ACB']", "asctime": "2026-06-28 16:10:40"}
{"timestamp": "2026-06-28T09:10:40.222Z", "level": "INFO", "logger": "src.scraper", "message": "Max pages/keyword: 1", "asctime": "2026-06-28 16:10:40"}
{"timestamp": "2026-06-28T09:10:40.758Z", "level": "SUCCESS", "logger": "src.scraper.storage.repository", "message": "Connected to PostgreSQL localhost:5434/financial_metadata", "asctime": "2026-06-28 16:10:40"}
{"timestamp": "2026-06-28T09:10:41.326Z", "level": "SUCCESS", "logger": "src.scraper.storage.adls_writer", "message": "Connected to ADLS filesystem 'financialnews-datalake'.", "asctime": "2026-06-28 16:10:41"}
{"timestamp": "2026-06-28T09:10:44.740Z", "level": "INFO", "logger": "src.scraper.engine.pipeline", "message": "Loaded 5 keyword(s) for 1 source(s).", "asctime": "2026-06-28 16:10:44"}
{"timestamp": "2026-06-28T09:10:46.097Z", "level": "INFO", "logger": "src.scraper.engine.pipeline", "message": "Crawl job 959da05d-de3b-4f11-9f73-bc941514fb5a started.", "asctime": "2026-06-28 16:10:46"}
{"timestamp": "2026-06-28T09:10:46.319Z", "level": "INFO", "logger": "src.scraper.engine.pipeline", "message": "=== Source: cafef ===", "asctime": "2026-06-28 16:10:46"}
{"timestamp": "2026-06-28T09:11:33.015Z", "level": "SUCCESS", "logger": "src.scraper.engine.crawler", "message": "Keyword 'ACB' [cafef:ACB] -> 20 new, 0 skipped, 1 pages", "source_name": "cafef", "ticker_symbol": "ACB", "keyword": "ACB", "asctime": "2026-06-28 16:11:33"}
{"timestamp": "2026-06-28T09:11:39.178Z", "level": "SUCCESS", "logger": "src.scraper.engine.crawler", "message": "Keyword 'Ngân hàng Á Châu' [cafef:ACB] -> 3 new, 0 skipped, 1 pages", "source_name": "cafef", "ticker_symbol": "ACB", "keyword": "Ngân hàng Á Châu", "asctime": "2026-06-28 16:11:39"}
{"timestamp": "2026-06-28T09:11:40.267Z", "level": "INFO", "logger": "src.scraper.engine.crawler", "message": "Keyword 'Asia Commercial Bank' exhausted at page 1.", "source_name": "cafef", "ticker_symbol": "ACB", "keyword": "Asia Commercial Bank", "asctime": "2026-06-28 16:11:40"}
{"timestamp": "2026-06-28T09:11:40.269Z", "level": "SUCCESS", "logger": "src.scraper.engine.crawler", "message": "Keyword 'Asia Commercial Bank' [cafef:ACB] -> 0 new, 0 skipped, 0 pages", "source_name": "cafef", "ticker_symbol": "ACB", "keyword": "Asia Commercial Bank", "asctime": "2026-06-28 16:11:40"}
{"timestamp": "2026-06-28T09:11:42.047Z", "level": "INFO", "logger": "src.scraper.engine.crawler", "message": "Keyword 'ACB Bank' exhausted at page 1.", "source_name": "cafef", "ticker_symbol": "ACB", "keyword": "ACB Bank", "asctime": "2026-06-28 16:11:42"}
{"timestamp": "2026-06-28T09:11:42.048Z", "level": "SUCCESS", "logger": "src.scraper.engine.crawler", "message": "Keyword 'ACB Bank' [cafef:ACB] -> 0 new, 0 skipped, 0 pages", "source_name": "cafef", "ticker_symbol": "ACB", "keyword": "ACB Bank", "asctime": "2026-06-28 16:11:42"}
{"timestamp": "2026-06-28T09:12:07.177Z", "level": "SUCCESS", "logger": "src.scraper.engine.crawler", "message": "Keyword 'Ngân hàng ACB' [cafef:ACB] -> 16 new, 4 skipped, 1 pages", "source_name": "cafef", "ticker_symbol": "ACB", "keyword": "Ngân hàng ACB", "asctime": "2026-06-28 16:12:07"}
{"timestamp": "2026-06-28T09:12:07.201Z", "level": "SUCCESS", "logger": "src.scraper.engine.pipeline", "message": "Run summary\n  sources             : ['cafef']\n  keywords processed  : 5\n  articles found      : 43\n  articles persisted  : 39\n  articles skipped    : 4\n  pages crawled       : 3\n  errors              : 0", "asctime": "2026-06-28 16:12:07"}
{"timestamp": "2026-06-28T09:12:07.202Z", "level": "INFO", "logger": "src.scraper", "message": "Total elapsed: 87.0s", "asctime": "2026-06-28 16:12:07"}
