{"timestamp": "2026-06-03T19:38:06.098Z", "level": "INFO", "logger": "src.scraper", "message": "Logging this run to: /Users/kittnguyen/Documents/Project/financial-news/logs/scraper/scrape_20260604T023806.log", "asctime": "2026-06-04 02:38:06"}
{"timestamp": "2026-06-03T19:38:06.098Z", "level": "INFO", "logger": "src.scraper", "message": "JSON log (FluentBit): /Users/kittnguyen/Documents/Project/financial-news/logs/scraper/scrape_20260604T023806.json.log", "asctime": "2026-06-04 02:38:06"}
{"timestamp": "2026-06-03T19:38:06.098Z", "level": "INFO", "logger": "src.scraper", "message": "Project root      : /Users/kittnguyen/Documents/Project/financial-news", "asctime": "2026-06-04 02:38:06"}
{"timestamp": "2026-06-03T19:38:06.098Z", "level": "INFO", "logger": "src.scraper", "message": "Input Excel dir   : /Users/kittnguyen/Documents/Project/financial-news/data/raw", "asctime": "2026-06-04 02:38:06"}
{"timestamp": "2026-06-03T19:38:06.098Z", "level": "INFO", "logger": "src.scraper", "message": "PostgreSQL host   : localhost:5434", "asctime": "2026-06-04 02:38:06"}
{"timestamp": "2026-06-03T19:38:06.098Z", "level": "INFO", "logger": "src.scraper", "message": "MongoDB target    : financial_news.articles_content", "asctime": "2026-06-04 02:38:06"}
{"timestamp": "2026-06-03T19:38:06.098Z", "level": "INFO", "logger": "src.scraper", "message": "Max pages/keyword : 200", "asctime": "2026-06-04 02:38:06"}
{"timestamp": "2026-06-03T19:38:06.098Z", "level": "INFO", "logger": "src.scraper", "message": "Early-stop thresh : 100 consecutive known", "asctime": "2026-06-04 02:38:06"}
{"timestamp": "2026-06-03T19:38:06.099Z", "level": "INFO", "logger": "src.scraper.pipeline", "message": "Loading keyword table: /Users/kittnguyen/Documents/Project/financial-news/data/raw/vn30.xlsx", "asctime": "2026-06-04 02:38:06"}
{"timestamp": "2026-06-03T19:38:06.596Z", "level": "SUCCESS", "logger": "src.scraper.storage", "message": "Connected to PostgreSQL (localhost:5434) and MongoDB (financial_news.articles_content).", "asctime": "2026-06-04 02:38:06"}
{"timestamp": "2026-06-03T19:38:06.611Z", "level": "INFO", "logger": "src.scraper.pipeline", "message": "Scrape run #5 started.", "run_id": 5, "source_name": "cafef", "asctime": "2026-06-04 02:38:06"}
{"timestamp": "2026-06-03T19:38:06.611Z", "level": "INFO", "logger": "src.scraper.pipeline", "message": "[ACB] Ngân hàng TMCP Á Châu - 5 keyword(s)", "run_id": 5, "source_name": "cafef", "asctime": "2026-06-04 02:38:06"}
{"timestamp": "2026-06-03T19:38:14.735Z", "level": "INFO", "logger": "src.scraper.page_scraper", "message": "Early stop for 'ACB': 100 consecutive known articles reached.", "run_id": 5, "source_name": "cafef", "ticker_symbol": "ACB", "keyword": "ACB", "asctime": "2026-06-04 02:38:14"}
{"timestamp": "2026-06-03T19:38:14.735Z", "level": "SUCCESS", "logger": "src.scraper.page_scraper", "message": "Keyword 'ACB' [ACB] -> 0 new, 100 skipped, 5 pages (early-stop)", "run_id": 5, "source_name": "cafef", "ticker_symbol": "ACB", "keyword": "ACB", "asctime": "2026-06-04 02:38:14"}
{"timestamp": "2026-06-03T19:38:16.439Z", "level": "INFO", "logger": "src.scraper.page_scraper", "message": "Keyword 'Ngân hàng Á Châu' exhausted at page 2.", "run_id": 5, "source_name": "cafef", "ticker_symbol": "ACB", "keyword": "Ngân hàng Á Châu", "asctime": "2026-06-04 02:38:16"}
{"timestamp": "2026-06-03T19:38:16.439Z", "level": "SUCCESS", "logger": "src.scraper.page_scraper", "message": "Keyword 'Ngân hàng Á Châu' [ACB] -> 0 new, 3 skipped, 1 pages", "run_id": 5, "source_name": "cafef", "ticker_symbol": "ACB", "keyword": "Ngân hàng Á Châu", "asctime": "2026-06-04 02:38:16"}
{"timestamp": "2026-06-03T19:38:18.114Z", "level": "INFO", "logger": "src.scraper.page_scraper", "message": "Keyword 'Asia Commercial Bank' exhausted at page 1.", "run_id": 5, "source_name": "cafef", "ticker_symbol": "ACB", "keyword": "Asia Commercial Bank", "asctime": "2026-06-04 02:38:18"}
{"timestamp": "2026-06-03T19:38:18.114Z", "level": "SUCCESS", "logger": "src.scraper.page_scraper", "message": "Keyword 'Asia Commercial Bank' [ACB] -> 0 new, 0 skipped, 0 pages", "run_id": 5, "source_name": "cafef", "ticker_symbol": "ACB", "keyword": "Asia Commercial Bank", "asctime": "2026-06-04 02:38:18"}
{"timestamp": "2026-06-03T19:38:19.294Z", "level": "INFO", "logger": "src.scraper.page_scraper", "message": "Keyword 'ACB Bank' exhausted at page 1.", "run_id": 5, "source_name": "cafef", "ticker_symbol": "ACB", "keyword": "ACB Bank", "asctime": "2026-06-04 02:38:19"}
{"timestamp": "2026-06-03T19:38:19.294Z", "level": "SUCCESS", "logger": "src.scraper.page_scraper", "message": "Keyword 'ACB Bank' [ACB] -> 0 new, 0 skipped, 0 pages", "run_id": 5, "source_name": "cafef", "ticker_symbol": "ACB", "keyword": "ACB Bank", "asctime": "2026-06-04 02:38:19"}
{"timestamp": "2026-06-03T19:38:26.575Z", "level": "INFO", "logger": "src.scraper.page_scraper", "message": "Early stop for 'Ngân hàng ACB': 100 consecutive known articles reached.", "run_id": 5, "source_name": "cafef", "ticker_symbol": "ACB", "keyword": "Ngân hàng ACB", "asctime": "2026-06-04 02:38:26"}
{"timestamp": "2026-06-03T19:38:26.575Z", "level": "SUCCESS", "logger": "src.scraper.page_scraper", "message": "Keyword 'Ngân hàng ACB' [ACB] -> 0 new, 100 skipped, 5 pages (early-stop)", "run_id": 5, "source_name": "cafef", "ticker_symbol": "ACB", "keyword": "Ngân hàng ACB", "asctime": "2026-06-04 02:38:26"}
{"timestamp": "2026-06-03T19:38:26.578Z", "level": "INFO", "logger": "src.scraper.pipeline", "message": "[BCM] Tổng công ty Đầu tư và Phát triển Công nghiệp – CTCP - 5 keyword(s)", "run_id": 5, "source_name": "cafef", "ticker_symbol": "ACB", "keyword": "Ngân hàng ACB", "asctime": "2026-06-04 02:38:26"}
{"timestamp": "2026-06-03T19:38:31.892Z", "level": "INFO", "logger": "src.scraper.page_scraper", "message": "Keyword 'BCM' exhausted at page 4.", "run_id": 5, "source_name": "cafef", "ticker_symbol": "BCM", "keyword": "BCM", "asctime": "2026-06-04 02:38:31"}
{"timestamp": "2026-06-03T19:38:31.893Z", "level": "SUCCESS", "logger": "src.scraper.page_scraper", "message": "Keyword 'BCM' [BCM] -> 0 new, 56 skipped, 3 pages", "run_id": 5, "source_name": "cafef", "ticker_symbol": "BCM", "keyword": "BCM", "asctime": "2026-06-04 02:38:31"}
{"timestamp": "2026-06-03T19:38:37.576Z", "level": "INFO", "logger": "src.scraper.page_scraper", "message": "Early stop for 'Becamex': 100 consecutive known articles reached.", "run_id": 5, "source_name": "cafef", "ticker_symbol": "BCM", "keyword": "Becamex", "asctime": "2026-06-04 02:38:37"}
{"timestamp": "2026-06-03T19:38:37.577Z", "level": "SUCCESS", "logger": "src.scraper.page_scraper", "message": "Keyword 'Becamex' [BCM] -> 0 new, 100 skipped, 5 pages (early-stop)", "run_id": 5, "source_name": "cafef", "ticker_symbol": "BCM", "keyword": "Becamex", "asctime": "2026-06-04 02:38:37"}
{"timestamp": "2026-06-03T19:38:45.280Z", "level": "INFO", "logger": "src.scraper.page_scraper", "message": "Early stop for 'Becamex IDC': 100 consecutive known articles reached.", "run_id": 5, "source_name": "cafef", "ticker_symbol": "BCM", "keyword": "Becamex IDC", "asctime": "2026-06-04 02:38:45"}
{"timestamp": "2026-06-03T19:38:45.280Z", "level": "SUCCESS", "logger": "src.scraper.page_scraper", "message": "Keyword 'Becamex IDC' [BCM] -> 0 new, 100 skipped, 5 pages (early-stop)", "run_id": 5, "source_name": "cafef", "ticker_symbol": "BCM", "keyword": "Becamex IDC", "asctime": "2026-06-04 02:38:45"}
{"timestamp": "2026-06-03T19:38:48.212Z", "level": "INFO", "logger": "src.scraper.page_scraper", "message": "Keyword 'Tổng công ty Becamex' exhausted at page 2.", "run_id": 5, "source_name": "cafef", "ticker_symbol": "BCM", "keyword": "Tổng công ty Becamex", "asctime": "2026-06-04 02:38:48"}
{"timestamp": "2026-06-03T19:38:48.212Z", "level": "SUCCESS", "logger": "src.scraper.page_scraper", "message": "Keyword 'Tổng công ty Becamex' [BCM] -> 0 new, 2 skipped, 1 pages", "run_id": 5, "source_name": "cafef", "ticker_symbol": "BCM", "keyword": "Tổng công ty Becamex", "asctime": "2026-06-04 02:38:48"}
{"timestamp": "2026-06-03T19:38:49.452Z", "level": "INFO", "logger": "src.scraper.page_scraper", "message": "Keyword 'Becamex Industrial' exhausted at page 1.", "run_id": 5, "source_name": "cafef", "ticker_symbol": "BCM", "keyword": "Becamex Industrial", "asctime": "2026-06-04 02:38:49"}
{"timestamp": "2026-06-03T19:38:49.453Z", "level": "SUCCESS", "logger": "src.scraper.page_scraper", "message": "Keyword 'Becamex Industrial' [BCM] -> 0 new, 0 skipped, 0 pages", "run_id": 5, "source_name": "cafef", "ticker_symbol": "BCM", "keyword": "Becamex Industrial", "asctime": "2026-06-04 02:38:49"}
{"timestamp": "2026-06-03T19:38:49.456Z", "level": "INFO", "logger": "src.scraper.pipeline", "message": "[BID] Ngân hàng TMCP Đầu tư và Phát triển Việt Nam - 4 keyword(s)", "run_id": 5, "source_name": "cafef", "ticker_symbol": "BCM", "keyword": "Becamex Industrial", "asctime": "2026-06-04 02:38:49"}
{"timestamp": "2026-06-03T19:38:57.443Z", "level": "INFO", "logger": "src.scraper.page_scraper", "message": "Early stop for 'BID': 100 consecutive known articles reached.", "run_id": 5, "source_name": "cafef", "ticker_symbol": "BID", "keyword": "BID", "asctime": "2026-06-04 02:38:57"}
{"timestamp": "2026-06-03T19:38:57.444Z", "level": "SUCCESS", "logger": "src.scraper.page_scraper", "message": "Keyword 'BID' [BID] -> 0 new, 100 skipped, 5 pages (early-stop)", "run_id": 5, "source_name": "cafef", "ticker_symbol": "BID", "keyword": "BID", "asctime": "2026-06-04 02:38:57"}
{"timestamp": "2026-06-03T19:39:04.304Z", "level": "INFO", "logger": "src.scraper.page_scraper", "message": "Early stop for 'BIDV': 100 consecutive known articles reached.", "run_id": 5, "source_name": "cafef", "ticker_symbol": "BID", "keyword": "BIDV", "asctime": "2026-06-04 02:39:04"}
{"timestamp": "2026-06-03T19:39:04.305Z", "level": "SUCCESS", "logger": "src.scraper.page_scraper", "message": "Keyword 'BIDV' [BID] -> 0 new, 100 skipped, 5 pages (early-stop)", "run_id": 5, "source_name": "cafef", "ticker_symbol": "BID", "keyword": "BIDV", "asctime": "2026-06-04 02:39:04"}
{"timestamp": "2026-06-03T19:39:05.330Z", "level": "INFO", "logger": "src.scraper.page_scraper", "message": "Keyword 'Bank for Investment and Development of Vietnam' exhausted at page 1.", "run_id": 5, "source_name": "cafef", "ticker_symbol": "BID", "keyword": "Bank for Investment and Development of Vietnam", "asctime": "2026-06-04 02:39:05"}
{"timestamp": "2026-06-03T19:39:05.331Z", "level": "SUCCESS", "logger": "src.scraper.page_scraper", "message": "Keyword 'Bank for Investment and Development of Vietnam' [BID] -> 0 new, 0 skipped, 0 pages", "run_id": 5, "source_name": "cafef", "ticker_symbol": "BID", "keyword": "Bank for Investment and Development of Vietnam", "asctime": "2026-06-04 02:39:05"}
{"timestamp": "2026-06-03T19:39:06.680Z", "level": "INFO", "logger": "src.scraper.page_scraper", "message": "Keyword 'Ngân hàng Đầu tư và Phát triển Việt Nam' exhausted at page 1.", "run_id": 5, "source_name": "cafef", "ticker_symbol": "BID", "keyword": "Ngân hàng Đầu tư và Phát triển Việt Nam", "asctime": "2026-06-04 02:39:06"}
{"timestamp": "2026-06-03T19:39:06.680Z", "level": "SUCCESS", "logger": "src.scraper.page_scraper", "message": "Keyword 'Ngân hàng Đầu tư và Phát triển Việt Nam' [BID] -> 0 new, 0 skipped, 0 pages", "run_id": 5, "source_name": "cafef", "ticker_symbol": "BID", "keyword": "Ngân hàng Đầu tư và Phát triển Việt Nam", "asctime": "2026-06-04 02:39:06"}
{"timestamp": "2026-06-03T19:39:06.691Z", "level": "INFO", "logger": "src.scraper.pipeline", "message": "[CTG] Ngân hàng TMCP Công Thương Việt Nam - 5 keyword(s)", "run_id": 5, "source_name": "cafef", "ticker_symbol": "BID", "keyword": "Ngân hàng Đầu tư và Phát triển Việt Nam", "asctime": "2026-06-04 02:39:06"}
{"timestamp": "2026-06-03T19:39:15.008Z", "level": "INFO", "logger": "src.scraper.page_scraper", "message": "Early stop for 'CTG': 100 consecutive known articles reached.", "run_id": 5, "source_name": "cafef", "ticker_symbol": "CTG", "keyword": "CTG", "asctime": "2026-06-04 02:39:15"}
{"timestamp": "2026-06-03T19:39:15.008Z", "level": "SUCCESS", "logger": "src.scraper.page_scraper", "message": "Keyword 'CTG' [CTG] -> 0 new, 100 skipped, 5 pages (early-stop)", "run_id": 5, "source_name": "cafef", "ticker_symbol": "CTG", "keyword": "CTG", "asctime": "2026-06-04 02:39:15"}
{"timestamp": "2026-06-03T19:39:22.913Z", "level": "INFO", "logger": "src.scraper.page_scraper", "message": "Early stop for 'VietinBank': 100 consecutive known articles reached.", "run_id": 5, "source_name": "cafef", "ticker_symbol": "CTG", "keyword": "VietinBank", "asctime": "2026-06-04 02:39:22"}
{"timestamp": "2026-06-03T19:39:22.914Z", "level": "SUCCESS", "logger": "src.scraper.page_scraper", "message": "Keyword 'VietinBank' [CTG] -> 0 new, 100 skipped, 5 pages (early-stop)", "run_id": 5, "source_name": "cafef", "ticker_symbol": "CTG", "keyword": "VietinBank", "asctime": "2026-06-04 02:39:22"}
{"timestamp": "2026-06-03T19:39:24.359Z", "level": "INFO", "logger": "src.scraper.page_scraper", "message": "Keyword 'Vietnam Joint Stock Commercial Bank for Industry and Trade' exhausted at page 1.", "run_id": 5, "source_name": "cafef", "ticker_symbol": "CTG", "keyword": "Vietnam Joint Stock Commercial Bank for Industry and Trade", "asctime": "2026-06-04 02:39:24"}
{"timestamp": "2026-06-03T19:39:24.359Z", "level": "SUCCESS", "logger": "src.scraper.page_scraper", "message": "Keyword 'Vietnam Joint Stock Commercial Bank for Industry and Trade' [CTG] -> 0 new, 0 skipped, 0 pages", "run_id": 5, "source_name": "cafef", "ticker_symbol": "CTG", "keyword": "Vietnam Joint Stock Commercial Bank for Industry and Trade", "asctime": "2026-06-04 02:39:24"}
{"timestamp": "2026-06-03T19:39:29.832Z", "level": "INFO", "logger": "src.scraper.page_scraper", "message": "Keyword 'Ngân hàng Công Thương Việt Nam' exhausted at page 2.", "run_id": 5, "source_name": "cafef", "ticker_symbol": "CTG", "keyword": "Ngân hàng Công Thương Việt Nam", "asctime": "2026-06-04 02:39:29"}
{"timestamp": "2026-06-03T19:39:29.835Z", "level": "SUCCESS", "logger": "src.scraper.page_scraper", "message": "Keyword 'Ngân hàng Công Thương Việt Nam' [CTG] -> 3 new, 0 skipped, 1 pages", "run_id": 5, "source_name": "cafef", "ticker_symbol": "CTG", "keyword": "Ngân hàng Công Thương Việt Nam", "asctime": "2026-06-04 02:39:29"}
{"timestamp": "2026-06-03T19:39:33.112Z", "level": "INFO", "logger": "src.scraper.page_scraper", "message": "Keyword 'ICB' exhausted at page 2.", "run_id": 5, "source_name": "cafef", "ticker_symbol": "CTG", "keyword": "ICB", "asctime": "2026-06-04 02:39:33"}
{"timestamp": "2026-06-03T19:39:33.113Z", "level": "SUCCESS", "logger": "src.scraper.page_scraper", "message": "Keyword 'ICB' [CTG] -> 1 new, 0 skipped, 1 pages", "run_id": 5, "source_name": "cafef", "ticker_symbol": "CTG", "keyword": "ICB", "asctime": "2026-06-04 02:39:33"}
{"timestamp": "2026-06-03T19:39:33.121Z", "level": "INFO", "logger": "src.scraper.pipeline", "message": "[DGC] CTCP Tập đoàn Hoá chất Đức Giang - 4 keyword(s)", "run_id": 5, "source_name": "cafef", "ticker_symbol": "CTG", "keyword": "ICB", "asctime": "2026-06-04 02:39:33"}
{"timestamp": "2026-06-03T19:41:20.342Z", "level": "WARNING", "logger": "src.scraper.pipeline", "message": "Pipeline interrupted by user (Ctrl+C).", "run_id": 5, "source_name": "cafef", "ticker_symbol": "DGC", "keyword": "DGC", "asctime": "2026-06-04 02:41:20"}
{"timestamp": "2026-06-03T19:41:20.402Z", "level": "WARNING", "logger": "src.scraper.metrics", "message": "Failed to push scraper metrics to pushgateway:9091: <urlopen error [Errno 8] nodename nor servname provided, or not known>", "run_id": 5, "source_name": "cafef", "ticker_symbol": "DGC", "keyword": "DGC", "asctime": "2026-06-04 02:41:20"}
{"timestamp": "2026-06-03T19:41:20.436Z", "level": "INFO", "logger": "src.scraper.metrics", "message": "Scraper metrics pushed to Pushgateway (localhost:9091): found=865, new=4, skipped=861, pages=47, errors=0, duration=194.0s, volume=0 bytes", "run_id": 5, "source_name": "cafef", "ticker_symbol": "DGC", "keyword": "DGC", "asctime": "2026-06-04 02:41:20"}
{"timestamp": "2026-06-03T19:41:20.440Z", "level": "SUCCESS", "logger": "src.scraper.pipeline", "message": "Run summary\n  tickers processed   : 5\n  keywords processed  : 19\n  articles found      : 865\n  articles persisted  : 4\n  articles skipped    : 861\n  pages crawled       : 47\n  errors              : 0\n  failed keywords     : 0", "asctime": "2026-06-04 02:41:20"}
{"timestamp": "2026-06-03T19:41:20.440Z", "level": "INFO", "logger": "src.scraper", "message": "New scraped data detected; starting automatic preprocessing/chunking/embedding.", "asctime": "2026-06-04 02:41:20"}
{"timestamp": "2026-06-03T19:41:20.614Z", "level": "ERROR", "logger": "src.scraper", "message": "Run aborted by unhandled exception: No module named 'pydantic_settings'", "asctime": "2026-06-04 02:41:20", "exception": "Traceback (most recent call last):\n  File \"/Users/kittnguyen/Documents/Project/financial-news/src/scraper/run.py\", line 198, in main\n    _run_auto_ingestion(\n  File \"/Users/kittnguyen/Documents/Project/financial-news/src/scraper/run.py\", line 136, in _run_auto_ingestion\n    from src.rag.config import get_settings as get_rag_settings\n  File \"/Users/kittnguyen/Documents/Project/financial-news/src/rag/__init__.py\", line 16, in <module>\n    from src.rag.config.settings import get_settings  # noqa: F401\n    ^^^^^^^^^^^^^^^^^^^^^^^^^^^^^^^^^^^^^^^^^^^^^^^^\n  File \"/Users/kittnguyen/Documents/Project/financial-news/src/rag/config/__init__.py\", line 3, in <module>\n    from src.rag.config.settings import Settings, get_settings\n  File \"/Users/kittnguyen/Documents/Project/financial-news/src/rag/config/settings.py\", line 22, in <module>\n    from pydantic_settings import BaseSettings, SettingsConfigDict\nModuleNotFoundError: No module named 'pydantic_settings'"}
{"timestamp": "2026-06-03T19:41:20.615Z", "level": "INFO", "logger": "src.scraper", "message": "Total elapsed: 194.5s", "asctime": "2026-06-04 02:41:20"}
