2026-06-28 16:10:40 - src.scraper - INFO - [94mPlain log        : /Users/kittnguyen/Documents/Project/financial-news/logs/scraper/scrape_20260628T161040_ACB.log[0m
2026-06-28 16:10:40 - src.scraper - INFO - [94mJSON log         : /Users/kittnguyen/Documents/Project/financial-news/logs/scraper/scrape_20260628T161040_ACB.json.log[0m
2026-06-28 16:10:40 - src.scraper - INFO - [94mPostgreSQL       : localhost:5434/financial_metadata[0m
2026-06-28 16:10:40 - src.scraper - INFO - [94mADLS filesystem  : financialnews-datalake[0m
2026-06-28 16:10:40 - src.scraper - INFO - [94mSources          : all[0m
2026-06-28 16:10:40 - src.scraper - INFO - [94mTickers          : ['ACB'][0m
2026-06-28 16:10:40 - src.scraper - INFO - [94mMax pages/keyword: 1[0m
2026-06-28 16:10:40 - src.scraper.storage.repository - SUCCESS - [32mConnected to PostgreSQL localhost:5434/financial_metadata[0m
2026-06-28 16:10:41 - src.scraper.storage.adls_writer - SUCCESS - [32mConnected to ADLS filesystem 'financialnews-datalake'.[0m
2026-06-28 16:10:44 - src.scraper.engine.pipeline - INFO - [94mLoaded 5 keyword(s) for 1 source(s).[0m
2026-06-28 16:10:46 - src.scraper.engine.pipeline - INFO - [94mCrawl job 959da05d-de3b-4f11-9f73-bc941514fb5a started.[0m
2026-06-28 16:10:46 - src.scraper.engine.pipeline - INFO - [94m=== Source: cafef ===[0m
2026-06-28 16:11:33 - src.scraper.engine.crawler - SUCCESS - [32mKeyword 'ACB' [cafef:ACB] -> 20 new, 0 skipped, 1 pages[0m
2026-06-28 16:11:39 - src.scraper.engine.crawler - SUCCESS - [32mKeyword 'Ngân hàng Á Châu' [cafef:ACB] -> 3 new, 0 skipped, 1 pages[0m
2026-06-28 16:11:40 - src.scraper.engine.crawler - INFO - [94mKeyword 'Asia Commercial Bank' exhausted at page 1.[0m
2026-06-28 16:11:40 - src.scraper.engine.crawler - SUCCESS - [32mKeyword 'Asia Commercial Bank' [cafef:ACB] -> 0 new, 0 skipped, 0 pages[0m
2026-06-28 16:11:42 - src.scraper.engine.crawler - INFO - [94mKeyword 'ACB Bank' exhausted at page 1.[0m
2026-06-28 16:11:42 - src.scraper.engine.crawler - SUCCESS - [32mKeyword 'ACB Bank' [cafef:ACB] -> 0 new, 0 skipped, 0 pages[0m
2026-06-28 16:12:07 - src.scraper.engine.crawler - SUCCESS - [32mKeyword 'Ngân hàng ACB' [cafef:ACB] -> 16 new, 4 skipped, 1 pages[0m
2026-06-28 16:12:07 - src.scraper.engine.pipeline - SUCCESS - [32mRun summary
  sources             : ['cafef']
  keywords processed  : 5
  articles found      : 43
  articles persisted  : 39
  articles skipped    : 4
  pages crawled       : 3
  errors              : 0[0m
2026-06-28 16:12:07 - src.scraper - INFO - [94mTotal elapsed: 87.0s[0m
