{"timestamp": "2026-06-28T09:13:21.758Z", "level": "INFO", "logger": "src.scraper", "message": "Plain log        : /Users/kittnguyen/Documents/Project/financial-news/logs/scraper/scrape_20260628T161321_ACB.log", "asctime": "2026-06-28 16:13:21"}
{"timestamp": "2026-06-28T09:13:21.759Z", "level": "INFO", "logger": "src.scraper", "message": "JSON log         : /Users/kittnguyen/Documents/Project/financial-news/logs/scraper/scrape_20260628T161321_ACB.json.log", "asctime": "2026-06-28 16:13:21"}
{"timestamp": "2026-06-28T09:13:21.759Z", "level": "INFO", "logger": "src.scraper", "message": "PostgreSQL       : localhost:5434/financial_metadata", "asctime": "2026-06-28 16:13:21"}
{"timestamp": "2026-06-28T09:13:21.759Z", "level": "INFO", "logger": "src.scraper", "message": "ADLS filesystem  : financialnews-datalake", "asctime": "2026-06-28 16:13:21"}
{"timestamp": "2026-06-28T09:13:21.759Z", "level": "INFO", "logger": "src.scraper", "message": "Sources          : all", "asctime": "2026-06-28 16:13:21"}
{"timestamp": "2026-06-28T09:13:21.759Z", "level": "INFO", "logger": "src.scraper", "message": "Tickers          : ['ACB']", "asctime": "2026-06-28 16:13:21"}
{"timestamp": "2026-06-28T09:13:21.759Z", "level": "INFO", "logger": "src.scraper", "message": "Max pages/keyword: 1", "asctime": "2026-06-28 16:13:21"}
{"timestamp": "2026-06-28T09:13:21.800Z", "level": "SUCCESS", "logger": "src.scraper.storage.repository", "message": "Connected to PostgreSQL localhost:5434/financial_metadata", "asctime": "2026-06-28 16:13:21"}
{"timestamp": "2026-06-28T09:13:21.992Z", "level": "SUCCESS", "logger": "src.scraper.storage.adls_writer", "message": "Connected to ADLS filesystem 'financialnews-datalake'.", "asctime": "2026-06-28 16:13:21"}
{"timestamp": "2026-06-28T09:13:22.121Z", "level": "INFO", "logger": "src.scraper.engine.pipeline", "message": "Loaded 5 keyword(s) for 1 source(s).", "asctime": "2026-06-28 16:13:22"}
{"timestamp": "2026-06-28T09:13:22.142Z", "level": "INFO", "logger": "src.scraper.engine.pipeline", "message": "Crawl job c3fb103b-1cc5-4adf-8fa1-e86e97cde766 started.", "asctime": "2026-06-28 16:13:22"}
{"timestamp": "2026-06-28T09:13:22.151Z", "level": "INFO", "logger": "src.scraper.engine.pipeline", "message": "=== Source: cafef ===", "asctime": "2026-06-28 16:13:22"}
{"timestamp": "2026-06-28T09:13:23.166Z", "level": "SUCCESS", "logger": "src.scraper.engine.crawler", "message": "Keyword 'ACB' [cafef:ACB] -> 0 new, 20 skipped, 1 pages", "source_name": "cafef", "ticker_symbol": "ACB", "keyword": "ACB", "asctime": "2026-06-28 16:13:23"}
{"timestamp": "2026-06-28T09:13:24.755Z", "level": "SUCCESS", "logger": "src.scraper.engine.crawler", "message": "Keyword 'Ngân hàng Á Châu' [cafef:ACB] -> 0 new, 3 skipped, 1 pages", "source_name": "cafef", "ticker_symbol": "ACB", "keyword": "Ngân hàng Á Châu", "asctime": "2026-06-28 16:13:24"}
{"timestamp": "2026-06-28T09:13:26.092Z", "level": "INFO", "logger": "src.scraper.engine.crawler", "message": "Keyword 'Asia Commercial Bank' exhausted at page 1.", "source_name": "cafef", "ticker_symbol": "ACB", "keyword": "Asia Commercial Bank", "asctime": "2026-06-28 16:13:26"}
{"timestamp": "2026-06-28T09:13:26.095Z", "level": "SUCCESS", "logger": "src.scraper.engine.crawler", "message": "Keyword 'Asia Commercial Bank' [cafef:ACB] -> 0 new, 0 skipped, 0 pages", "source_name": "cafef", "ticker_symbol": "ACB", "keyword": "Asia Commercial Bank", "asctime": "2026-06-28 16:13:26"}
{"timestamp": "2026-06-28T09:13:27.409Z", "level": "INFO", "logger": "src.scraper.engine.crawler", "message": "Keyword 'ACB Bank' exhausted at page 1.", "source_name": "cafef", "ticker_symbol": "ACB", "keyword": "ACB Bank", "asctime": "2026-06-28 16:13:27"}
{"timestamp": "2026-06-28T09:13:27.410Z", "level": "SUCCESS", "logger": "src.scraper.engine.crawler", "message": "Keyword 'ACB Bank' [cafef:ACB] -> 0 new, 0 skipped, 0 pages", "source_name": "cafef", "ticker_symbol": "ACB", "keyword": "ACB Bank", "asctime": "2026-06-28 16:13:27"}
{"timestamp": "2026-06-28T09:13:40.622Z", "level": "SUCCESS", "logger": "src.scraper.engine.crawler", "message": "Keyword 'Ngân hàng ACB' [cafef:ACB] -> 0 new, 20 skipped, 1 pages", "source_name": "cafef", "ticker_symbol": "ACB", "keyword": "Ngân hàng ACB", "asctime": "2026-06-28 16:13:40"}
{"timestamp": "2026-06-28T09:13:40.796Z", "level": "SUCCESS", "logger": "src.scraper.engine.pipeline", "message": "Run summary\n  sources             : ['cafef']\n  keywords processed  : 5\n  articles found      : 43\n  articles persisted  : 0\n  articles skipped    : 43\n  pages crawled       : 3\n  errors              : 0", "asctime": "2026-06-28 16:13:40"}
{"timestamp": "2026-06-28T09:13:40.796Z", "level": "INFO", "logger": "src.scraper", "message": "Total elapsed: 19.0s", "asctime": "2026-06-28 16:13:40"}
