{"timestamp": "2026-06-30T07:23:40.712Z", "level": "INFO", "logger": "src.scraper", "message": "Plain log        : C:\\projects\\financial-news\\logs\\scraper\\scrape_20260630T142340_ACB.log", "asctime": "2026-06-30 14:23:40"}
{"timestamp": "2026-06-30T07:23:40.713Z", "level": "INFO", "logger": "src.scraper", "message": "JSON log         : C:\\projects\\financial-news\\logs\\scraper\\scrape_20260630T142340_ACB.json.log", "asctime": "2026-06-30 14:23:40"}
{"timestamp": "2026-06-30T07:23:40.713Z", "level": "INFO", "logger": "src.scraper", "message": "PostgreSQL       : localhost:5434/financial_metadata", "asctime": "2026-06-30 14:23:40"}
{"timestamp": "2026-06-30T07:23:40.714Z", "level": "INFO", "logger": "src.scraper", "message": "Content backend  : minio", "asctime": "2026-06-30 14:23:40"}
{"timestamp": "2026-06-30T07:23:40.715Z", "level": "INFO", "logger": "src.scraper", "message": "ADLS filesystem  : financialnews-datalake", "asctime": "2026-06-30 14:23:40"}
{"timestamp": "2026-06-30T07:23:40.715Z", "level": "INFO", "logger": "src.scraper", "message": "MinIO bucket     : financialnews-datalake", "asctime": "2026-06-30 14:23:40"}
{"timestamp": "2026-06-30T07:23:40.715Z", "level": "INFO", "logger": "src.scraper", "message": "Sources          : vnexpress", "asctime": "2026-06-30 14:23:40"}
{"timestamp": "2026-06-30T07:23:40.716Z", "level": "INFO", "logger": "src.scraper", "message": "Tickers          : ['ACB']", "asctime": "2026-06-30 14:23:40"}
{"timestamp": "2026-06-30T07:23:40.716Z", "level": "INFO", "logger": "src.scraper", "message": "Max pages/keyword: 1", "asctime": "2026-06-30 14:23:40"}
{"timestamp": "2026-06-30T07:23:40.717Z", "level": "INFO", "logger": "src.scraper", "message": "Max keywords/ticker: 1", "asctime": "2026-06-30 14:23:40"}
{"timestamp": "2026-06-30T07:23:40.801Z", "level": "SUCCESS", "logger": "src.scraper.storage.repository", "message": "Connected to PostgreSQL localhost:5434/financial_metadata", "asctime": "2026-06-30 14:23:40"}
{"timestamp": "2026-06-30T07:23:41.477Z", "level": "SUCCESS", "logger": "src.scraper.storage.adls_writer", "message": "Connected to MinIO bucket 'financialnews-datalake'.", "asctime": "2026-06-30 14:23:41"}
{"timestamp": "2026-06-30T07:23:41.699Z", "level": "INFO", "logger": "src.scraper.engine.pipeline", "message": "Loaded 1 keyword(s) for 1 source(s).", "asctime": "2026-06-30 14:23:41"}
{"timestamp": "2026-06-30T07:23:41.794Z", "level": "INFO", "logger": "src.scraper.engine.pipeline", "message": "Crawl job af17ca49-42e8-49d6-b3b8-d2105fbec9ba started.", "asctime": "2026-06-30 14:23:41"}
{"timestamp": "2026-06-30T07:23:41.794Z", "level": "INFO", "logger": "src.scraper.engine.pipeline", "message": "=== Source: vnexpress ===", "asctime": "2026-06-30 14:23:41"}
{"timestamp": "2026-06-30T07:23:42.429Z", "level": "INFO", "logger": "src.scraper.vnexpress.vnexpress_scraper", "message": "Rendering VnExpress search for keyword 'ACB'.", "source_name": "vnexpress", "ticker_symbol": "ACB", "keyword": "ACB", "asctime": "2026-06-30 14:23:42"}
{"timestamp": "2026-06-30T07:24:00.386Z", "level": "INFO", "logger": "src.scraper.vnexpress.vnexpress_scraper", "message": "VnExpress keyword 'ACB': parsed 3 listing result(s).", "source_name": "vnexpress", "ticker_symbol": "ACB", "keyword": "ACB", "asctime": "2026-06-30 14:24:00"}
{"timestamp": "2026-06-30T07:25:45.492Z", "level": "WARNING", "logger": "src.scraper.engine.crawler", "message": "Image fetch failed: https://vcdn1-kinhdoanh.vnecdn.net/2026/05/09/ACB-1-1778285382-4784-1778285497.jpg?w=1020&h=0&q=100&dpr=1&fit=crop&s=VvZzEsRH8XXkZE6XyZIemQ&vnetimestamp=1782804251343", "source_name": "vnexpress", "ticker_symbol": "ACB", "keyword": "ACB", "asctime": "2026-06-30 14:25:45"}
{"timestamp": "2026-06-30T07:26:47.436Z", "level": "WARNING", "logger": "src.scraper.engine.crawler", "message": "Image fetch failed: https://vcdn1-kinhdoanh.vnecdn.net/2026/05/09/ACB-2-1778285352-5632-1778285497.jpg?w=1020&h=0&q=100&dpr=1&fit=crop&s=xIvovlvEgWIMViJuVHoKMQ", "source_name": "vnexpress", "ticker_symbol": "ACB", "keyword": "ACB", "asctime": "2026-06-30 14:26:47"}
{"timestamp": "2026-06-30T07:26:47.563Z", "level": "SUCCESS", "logger": "src.scraper.engine.crawler", "message": "Keyword 'ACB' [vnexpress:ACB] -> 1 new, 2 skipped, 1 pages", "source_name": "vnexpress", "ticker_symbol": "ACB", "keyword": "ACB", "asctime": "2026-06-30 14:26:47"}
{"timestamp": "2026-06-30T07:26:47.606Z", "level": "SUCCESS", "logger": "src.scraper.engine.pipeline", "message": "Run summary\n  sources             : ['vnexpress']\n  keywords processed  : 1\n  articles found      : 3\n  articles persisted  : 1\n  articles skipped    : 2\n  pages crawled       : 1\n  errors              : 0", "asctime": "2026-06-30 14:26:47"}
{"timestamp": "2026-06-30T07:26:47.606Z", "level": "INFO", "logger": "src.scraper", "message": "Total elapsed: 186.9s", "asctime": "2026-06-30 14:26:47"}
