2026-06-04 02:05:58 - src.scraper - INFO - [94mLogging this run to: /Users/kittnguyen/Documents/Project/financial-news/logs/scraper/scrape_20260604T020558.log[0m
2026-06-04 02:05:58 - src.scraper - INFO - [94mJSON log (FluentBit): /Users/kittnguyen/Documents/Project/financial-news/logs/scraper/scrape_20260604T020558.json.log[0m
2026-06-04 02:05:58 - src.scraper - INFO - [94mProject root      : /Users/kittnguyen/Documents/Project/financial-news[0m
2026-06-04 02:05:58 - src.scraper - INFO - [94mInput Excel dir   : /Users/kittnguyen/Documents/Project/financial-news/data/raw[0m
2026-06-04 02:05:58 - src.scraper - INFO - [94mPostgreSQL host   : localhost:5434[0m
2026-06-04 02:05:58 - src.scraper - INFO - [94mMongoDB target    : financial_news.articles_content[0m
2026-06-04 02:05:58 - src.scraper - INFO - [94mMax pages/keyword : 200[0m
2026-06-04 02:05:58 - src.scraper - INFO - [94mEarly-stop thresh : 100 consecutive known[0m
2026-06-04 02:05:58 - src.scraper.pipeline - INFO - [94mLoading keyword table: /Users/kittnguyen/Documents/Project/financial-news/data/raw/vn30.xlsx[0m
2026-06-04 02:05:59 - src.scraper.storage - SUCCESS - [32mConnected to PostgreSQL (localhost:5434) and MongoDB (financial_news.articles_content).[0m
2026-06-04 02:05:59 - src.scraper.storage - WARNING - [33mCleaned up 1 stale 'running' scrape run(s) from previous execution.[0m
2026-06-04 02:05:59 - src.scraper.pipeline - INFO - [94mScrape run #4 started.[0m
2026-06-04 02:05:59 - src.scraper.pipeline - INFO - [94m[ACB] Ngân hàng TMCP Á Châu - 5 keyword(s)[0m
2026-06-04 02:06:06 - src.scraper.page_scraper - INFO - [94mEarly stop for 'ACB': 100 consecutive known articles reached.[0m
2026-06-04 02:06:06 - src.scraper.page_scraper - SUCCESS - [32mKeyword 'ACB' [ACB] -> 0 new, 100 skipped, 5 pages (early-stop)[0m
2026-06-04 02:06:09 - src.scraper.page_scraper - INFO - [94mKeyword 'Ngân hàng Á Châu' exhausted at page 2.[0m
2026-06-04 02:06:09 - src.scraper.page_scraper - SUCCESS - [32mKeyword 'Ngân hàng Á Châu' [ACB] -> 0 new, 3 skipped, 1 pages[0m
2026-06-04 02:06:10 - src.scraper.page_scraper - INFO - [94mKeyword 'Asia Commercial Bank' exhausted at page 1.[0m
2026-06-04 02:06:10 - src.scraper.page_scraper - SUCCESS - [32mKeyword 'Asia Commercial Bank' [ACB] -> 0 new, 0 skipped, 0 pages[0m
2026-06-04 02:06:11 - src.scraper.page_scraper - INFO - [94mKeyword 'ACB Bank' exhausted at page 1.[0m
2026-06-04 02:06:11 - src.scraper.page_scraper - SUCCESS - [32mKeyword 'ACB Bank' [ACB] -> 0 new, 0 skipped, 0 pages[0m
2026-06-04 02:06:13 - src.scraper.page_scraper - INFO - [94mKeyword 'Ngân hàng ACB' exhausted at page 1.[0m
2026-06-04 02:06:13 - src.scraper.page_scraper - SUCCESS - [32mKeyword 'Ngân hàng ACB' [ACB] -> 0 new, 0 skipped, 0 pages[0m
2026-06-04 02:06:13 - src.scraper.pipeline - INFO - [94m[BCM] Tổng công ty Đầu tư và Phát triển Công nghiệp – CTCP - 5 keyword(s)[0m
2026-06-04 02:06:18 - src.scraper.page_scraper - INFO - [94mKeyword 'BCM' exhausted at page 4.[0m
2026-06-04 02:06:18 - src.scraper.page_scraper - SUCCESS - [32mKeyword 'BCM' [BCM] -> 0 new, 56 skipped, 3 pages[0m
2026-06-04 02:06:27 - src.scraper.page_scraper - INFO - [94mEarly stop for 'Becamex': 100 consecutive known articles reached.[0m
2026-06-04 02:06:27 - src.scraper.page_scraper - SUCCESS - [32mKeyword 'Becamex' [BCM] -> 0 new, 100 skipped, 5 pages (early-stop)[0m
2026-06-04 02:06:32 - src.scraper.page_scraper - INFO - [94mEarly stop for 'Becamex IDC': 100 consecutive known articles reached.[0m
2026-06-04 02:06:32 - src.scraper.page_scraper - SUCCESS - [32mKeyword 'Becamex IDC' [BCM] -> 0 new, 100 skipped, 5 pages (early-stop)[0m
2026-06-04 02:06:35 - src.scraper.page_scraper - INFO - [94mKeyword 'Tổng công ty Becamex' exhausted at page 2.[0m
2026-06-04 02:06:35 - src.scraper.page_scraper - SUCCESS - [32mKeyword 'Tổng công ty Becamex' [BCM] -> 0 new, 2 skipped, 1 pages[0m
2026-06-04 02:06:36 - src.scraper.page_scraper - INFO - [94mKeyword 'Becamex Industrial' exhausted at page 1.[0m
2026-06-04 02:06:36 - src.scraper.page_scraper - SUCCESS - [32mKeyword 'Becamex Industrial' [BCM] -> 0 new, 0 skipped, 0 pages[0m
2026-06-04 02:06:36 - src.scraper.pipeline - INFO - [94m[BID] Ngân hàng TMCP Đầu tư và Phát triển Việt Nam - 4 keyword(s)[0m
2026-06-04 02:06:44 - src.scraper.page_scraper - INFO - [94mEarly stop for 'BID': 100 consecutive known articles reached.[0m
2026-06-04 02:06:44 - src.scraper.page_scraper - SUCCESS - [32mKeyword 'BID' [BID] -> 0 new, 100 skipped, 5 pages (early-stop)[0m
2026-06-04 02:06:50 - src.scraper.page_scraper - INFO - [94mEarly stop for 'BIDV': 100 consecutive known articles reached.[0m
2026-06-04 02:06:50 - src.scraper.page_scraper - SUCCESS - [32mKeyword 'BIDV' [BID] -> 0 new, 100 skipped, 5 pages (early-stop)[0m
2026-06-04 02:06:51 - src.scraper.page_scraper - INFO - [94mKeyword 'Bank for Investment and Development of Vietnam' exhausted at page 1.[0m
2026-06-04 02:06:51 - src.scraper.page_scraper - SUCCESS - [32mKeyword 'Bank for Investment and Development of Vietnam' [BID] -> 0 new, 0 skipped, 0 pages[0m
2026-06-04 02:06:54 - src.scraper.page_scraper - INFO - [94mKeyword 'Ngân hàng Đầu tư và Phát triển Việt Nam' exhausted at page 2.[0m
2026-06-04 02:06:54 - src.scraper.page_scraper - SUCCESS - [32mKeyword 'Ngân hàng Đầu tư và Phát triển Việt Nam' [BID] -> 0 new, 1 skipped, 1 pages[0m
2026-06-04 02:06:54 - src.scraper.pipeline - INFO - [94m[CTG] Ngân hàng TMCP Công Thương Việt Nam - 5 keyword(s)[0m
2026-06-04 02:07:01 - src.scraper.page_scraper - INFO - [94mEarly stop for 'CTG': 100 consecutive known articles reached.[0m
2026-06-04 02:07:01 - src.scraper.page_scraper - SUCCESS - [32mKeyword 'CTG' [CTG] -> 0 new, 100 skipped, 5 pages (early-stop)[0m
2026-06-04 02:10:53 - src.scraper.http_client - WARNING - [33mGET https://cafef.vn/du-lieu-ai-chia-khoa-chuyen-doi-so-tai-vietinbank-188250819163344199.chn failed (attempt 1/3): HTTPError: 404 Client Error: Not Found for url: https://cafef.vn/du-lieu-ai-chia-khoa-chuyen-doi-so-tai-vietinbank-188250819163344199.chn - retrying in 1.0s[0m
2026-06-04 02:10:54 - src.scraper.http_client - WARNING - [33mGET https://cafef.vn/du-lieu-ai-chia-khoa-chuyen-doi-so-tai-vietinbank-188250819163344199.chn failed (attempt 2/3): HTTPError: 404 Client Error: Not Found for url: https://cafef.vn/du-lieu-ai-chia-khoa-chuyen-doi-so-tai-vietinbank-188250819163344199.chn - retrying in 2.0s[0m
2026-06-04 02:10:56 - src.scraper.http_client - WARNING - [33mGET https://cafef.vn/du-lieu-ai-chia-khoa-chuyen-doi-so-tai-vietinbank-188250819163344199.chn failed (attempt 3/3): HTTPError: 404 Client Error: Not Found for url: https://cafef.vn/du-lieu-ai-chia-khoa-chuyen-doi-so-tai-vietinbank-188250819163344199.chn - retrying in 3.0s[0m
2026-06-04 02:10:59 - src.scraper.http_client - ERROR - [31mGET https://cafef.vn/du-lieu-ai-chia-khoa-chuyen-doi-so-tai-vietinbank-188250819163344199.chn gave up after 3 retries: HTTPError('404 Client Error: Not Found for url: https://cafef.vn/du-lieu-ai-chia-khoa-chuyen-doi-so-tai-vietinbank-188250819163344199.chn')[0m
2026-06-04 02:10:59 - src.scraper.detail_scraper - ERROR - [31mDetail fetch failed: https://cafef.vn/du-lieu-ai-chia-khoa-chuyen-doi-so-tai-vietinbank-188250819163344199.chn[0m
2026-06-04 02:20:30 - src.scraper.pipeline - WARNING - [33mPipeline interrupted by user (Ctrl+C).[0m
2026-06-04 02:20:30 - src.scraper.metrics - WARNING - [33mFailed to push scraper metrics to pushgateway:9091: <urlopen error [Errno 8] nodename nor servname provided, or not known>[0m
2026-06-04 02:20:31 - src.scraper.metrics - INFO - [94mScraper metrics pushed to Pushgateway (localhost:9091): found=662, new=0, skipped=662, pages=36, errors=0, duration=872.3s, volume=0 bytes[0m
2026-06-04 02:20:31 - src.scraper.pipeline - SUCCESS - [32mRun summary
  tickers processed   : 4
  keywords processed  : 15
  articles found      : 662
  articles persisted  : 0
  articles skipped    : 662
  pages crawled       : 36
  errors              : 0
  failed keywords     : 0[0m
2026-06-04 02:20:31 - src.scraper - INFO - [94mNo new scraped articles detected; auto-ingestion is skipped.[0m
2026-06-04 02:20:31 - src.scraper - INFO - [94mTotal elapsed: 872.9s[0m
