{"timestamp": "2026-06-28T09:32:48.217Z", "level": "INFO", "logger": "src.scraper", "message": "Plain log        : /Users/kittnguyen/Documents/Project/financial-news/logs/scraper/scrape_20260628T163248_ACB.log", "asctime": "2026-06-28 16:32:48"}
{"timestamp": "2026-06-28T09:32:48.217Z", "level": "INFO", "logger": "src.scraper", "message": "JSON log         : /Users/kittnguyen/Documents/Project/financial-news/logs/scraper/scrape_20260628T163248_ACB.json.log", "asctime": "2026-06-28 16:32:48"}
{"timestamp": "2026-06-28T09:32:48.218Z", "level": "INFO", "logger": "src.scraper", "message": "PostgreSQL       : localhost:5434/financial_metadata", "asctime": "2026-06-28 16:32:48"}
{"timestamp": "2026-06-28T09:32:48.218Z", "level": "INFO", "logger": "src.scraper", "message": "ADLS filesystem  : financialnews-datalake", "asctime": "2026-06-28 16:32:48"}
{"timestamp": "2026-06-28T09:32:48.218Z", "level": "INFO", "logger": "src.scraper", "message": "Sources          : all", "asctime": "2026-06-28 16:32:48"}
{"timestamp": "2026-06-28T09:32:48.218Z", "level": "INFO", "logger": "src.scraper", "message": "Tickers          : ['ACB']", "asctime": "2026-06-28 16:32:48"}
{"timestamp": "2026-06-28T09:32:48.218Z", "level": "INFO", "logger": "src.scraper", "message": "Max pages/keyword: 1", "asctime": "2026-06-28 16:32:48"}
{"timestamp": "2026-06-28T09:32:48.374Z", "level": "SUCCESS", "logger": "src.scraper.storage.repository", "message": "Connected to PostgreSQL localhost:5434/financial_metadata", "asctime": "2026-06-28 16:32:48"}
{"timestamp": "2026-06-28T09:32:48.993Z", "level": "SUCCESS", "logger": "src.scraper.storage.adls_writer", "message": "Connected to ADLS filesystem 'financialnews-datalake'.", "asctime": "2026-06-28 16:32:48"}
{"timestamp": "2026-06-28T09:32:49.281Z", "level": "INFO", "logger": "src.scraper.engine.pipeline", "message": "Loaded 5 keyword(s) for 1 source(s).", "asctime": "2026-06-28 16:32:49"}
{"timestamp": "2026-06-28T09:32:49.313Z", "level": "INFO", "logger": "src.scraper.engine.pipeline", "message": "Crawl job ed1892ac-287a-4c7b-90d6-e9731369c60f started.", "asctime": "2026-06-28 16:32:49"}
{"timestamp": "2026-06-28T09:32:49.414Z", "level": "INFO", "logger": "src.scraper.engine.pipeline", "message": "=== Source: cafef ===", "asctime": "2026-06-28 16:32:49"}
{"timestamp": "2026-06-28T09:33:31.469Z", "level": "SUCCESS", "logger": "src.scraper.engine.crawler", "message": "Keyword 'ACB' [cafef:ACB] -> 20 new, 0 skipped, 1 pages", "source_name": "cafef", "ticker_symbol": "ACB", "keyword": "ACB", "asctime": "2026-06-28 16:33:31"}
{"timestamp": "2026-06-28T09:33:34.532Z", "level": "SUCCESS", "logger": "src.scraper.engine.crawler", "message": "Keyword 'Ngân hàng Á Châu' [cafef:ACB] -> 3 new, 0 skipped, 1 pages", "source_name": "cafef", "ticker_symbol": "ACB", "keyword": "Ngân hàng Á Châu", "asctime": "2026-06-28 16:33:34"}
{"timestamp": "2026-06-28T09:33:34.765Z", "level": "INFO", "logger": "src.scraper.engine.crawler", "message": "Keyword 'Asia Commercial Bank' exhausted at page 1.", "source_name": "cafef", "ticker_symbol": "ACB", "keyword": "Asia Commercial Bank", "asctime": "2026-06-28 16:33:34"}
{"timestamp": "2026-06-28T09:33:34.765Z", "level": "SUCCESS", "logger": "src.scraper.engine.crawler", "message": "Keyword 'Asia Commercial Bank' [cafef:ACB] -> 0 new, 0 skipped, 0 pages", "source_name": "cafef", "ticker_symbol": "ACB", "keyword": "Asia Commercial Bank", "asctime": "2026-06-28 16:33:34"}
{"timestamp": "2026-06-28T09:33:35.002Z", "level": "INFO", "logger": "src.scraper.engine.crawler", "message": "Keyword 'ACB Bank' exhausted at page 1.", "source_name": "cafef", "ticker_symbol": "ACB", "keyword": "ACB Bank", "asctime": "2026-06-28 16:33:35"}
{"timestamp": "2026-06-28T09:33:35.003Z", "level": "SUCCESS", "logger": "src.scraper.engine.crawler", "message": "Keyword 'ACB Bank' [cafef:ACB] -> 0 new, 0 skipped, 0 pages", "source_name": "cafef", "ticker_symbol": "ACB", "keyword": "ACB Bank", "asctime": "2026-06-28 16:33:35"}
{"timestamp": "2026-06-28T09:33:59.429Z", "level": "SUCCESS", "logger": "src.scraper.engine.crawler", "message": "Keyword 'Ngân hàng ACB' [cafef:ACB] -> 16 new, 4 skipped, 1 pages", "source_name": "cafef", "ticker_symbol": "ACB", "keyword": "Ngân hàng ACB", "asctime": "2026-06-28 16:33:59"}
{"timestamp": "2026-06-28T09:33:59.441Z", "level": "SUCCESS", "logger": "src.scraper.engine.pipeline", "message": "Run summary\n  sources             : ['cafef']\n  keywords processed  : 5\n  articles found      : 43\n  articles persisted  : 39\n  articles skipped    : 4\n  pages crawled       : 3\n  errors              : 0", "asctime": "2026-06-28 16:33:59"}
{"timestamp": "2026-06-28T09:33:59.441Z", "level": "INFO", "logger": "src.scraper", "message": "Total elapsed: 71.2s", "asctime": "2026-06-28 16:33:59"}
