2026-06-28 16:12:09 - src.scraper - INFO - [94mPlain log        : /Users/kittnguyen/Documents/Project/financial-news/logs/scraper/scrape_20260628T161209_ACB.log[0m
2026-06-28 16:12:09 - src.scraper - INFO - [94mJSON log         : /Users/kittnguyen/Documents/Project/financial-news/logs/scraper/scrape_20260628T161209_ACB.json.log[0m
2026-06-28 16:12:09 - src.scraper - INFO - [94mPostgreSQL       : localhost:5434/financial_metadata[0m
2026-06-28 16:12:09 - src.scraper - INFO - [94mADLS filesystem  : financialnews-datalake[0m
2026-06-28 16:12:09 - src.scraper - INFO - [94mSources          : all[0m
2026-06-28 16:12:09 - src.scraper - INFO - [94mTickers          : ['ACB'][0m
2026-06-28 16:12:09 - src.scraper - INFO - [94mMax pages/keyword: 1[0m
2026-06-28 16:12:09 - src.scraper.storage.repository - SUCCESS - [32mConnected to PostgreSQL localhost:5434/financial_metadata[0m
2026-06-28 16:12:10 - src.scraper.storage.adls_writer - SUCCESS - [32mConnected to ADLS filesystem 'financialnews-datalake'.[0m
2026-06-28 16:12:10 - src.scraper.engine.pipeline - INFO - [94mLoaded 5 keyword(s) for 1 source(s).[0m
2026-06-28 16:12:10 - src.scraper.engine.pipeline - INFO - [94mCrawl job b693270f-6d5f-4640-88a9-db833a716b93 started.[0m
2026-06-28 16:12:10 - src.scraper.engine.pipeline - INFO - [94m=== Source: cafef ===[0m
2026-06-28 16:12:12 - src.scraper.engine.crawler - SUCCESS - [32mKeyword 'ACB' [cafef:ACB] -> 0 new, 20 skipped, 1 pages[0m
2026-06-28 16:12:14 - src.scraper.engine.crawler - SUCCESS - [32mKeyword 'Ngân hàng Á Châu' [cafef:ACB] -> 0 new, 3 skipped, 1 pages[0m
2026-06-28 16:12:15 - src.scraper.engine.pipeline - WARNING - [33mPipeline interrupted by user (Ctrl+C).[0m
2026-06-28 16:12:15 - src.scraper.engine.pipeline - SUCCESS - [32mRun summary
  sources             : ['cafef']
  keywords processed  : 2
  articles found      : 23
  articles persisted  : 0
  articles skipped    : 23
  pages crawled       : 2
  errors              : 0[0m
2026-06-28 16:12:15 - src.scraper - INFO - [94mTotal elapsed: 5.7s[0m
