2026-06-30 18:00:17 - src.scraper - INFO - [94mPlain log        : C:\projects\financial-news\logs\scraper\scrape_20260630T180017_ACB.log[0m
2026-06-30 18:00:17 - src.scraper - INFO - [94mJSON log         : C:\projects\financial-news\logs\scraper\scrape_20260630T180017_ACB.json.log[0m
2026-06-30 18:00:17 - src.scraper - INFO - [94mPostgreSQL       : localhost:5434/financial_metadata[0m
2026-06-30 18:00:17 - src.scraper - INFO - [94mContent backend  : minio[0m
2026-06-30 18:00:17 - src.scraper - INFO - [94mADLS filesystem  : financialnews-datalake[0m
2026-06-30 18:00:17 - src.scraper - INFO - [94mMinIO bucket     : financialnews-datalake[0m
2026-06-30 18:00:17 - src.scraper - INFO - [94mSources          : baomoi[0m
2026-06-30 18:00:17 - src.scraper - INFO - [94mTickers          : ['ACB'][0m
2026-06-30 18:00:17 - src.scraper - INFO - [94mMax pages/keyword: 2[0m
2026-06-30 18:00:17 - src.scraper - INFO - [94mMax keywords/ticker: 1[0m
2026-06-30 18:00:17 - src.scraper.storage.repository - SUCCESS - [32mConnected to PostgreSQL localhost:5434/financial_metadata[0m
2026-06-30 18:00:18 - src.scraper.storage.adls_writer - SUCCESS - [32mConnected to MinIO bucket 'financialnews-datalake'.[0m
2026-06-30 18:00:18 - src.scraper.engine.pipeline - INFO - [94mLoaded 1 keyword(s) for 1 source(s).[0m
2026-06-30 18:00:18 - src.scraper.engine.pipeline - INFO - [94mCrawl job 9ff374c7-5b5d-4586-b03e-9bed02b14030 started.[0m
2026-06-30 18:00:18 - src.scraper.engine.pipeline - INFO - [94m=== Source: baomoi ===[0m
2026-06-30 18:00:18 - src.scraper.baomoi.baomoi_scraper - INFO - [94mRendering Bao Moi search for keyword 'ACB'.[0m
2026-06-30 18:00:24 - src.scraper.baomoi.baomoi_scraper - INFO - [94mBao Moi keyword 'ACB': parsed 3 listing result(s).[0m
2026-06-30 18:00:56 - src.scraper.baomoi.baomoi_scraper - WARNING - [33mBao Moi detail did not expose expected nodes: https://baomoi.com/phien-cuoi-thang-vn-index-tang-khoi-ngoai-ban-rong-nghin-ty-dong-c55512920.epi[0m
2026-06-30 18:01:31 - src.scraper.baomoi.baomoi_scraper - WARNING - [33mBao Moi detail did not expose expected nodes: https://baomoi.com/thi-truong-xanh-vo-do-long-vn-index-chot-quy-2-tai-moc-1-860-c55512363.epi[0m
2026-06-30 18:02:15 - src.scraper.baomoi.baomoi_scraper - WARNING - [33mBao Moi detail did not expose expected nodes: https://baomoi.com/chung-khoan-ngay-30-6-nhom-bat-dong-san-nang-do-thi-truong-vn-index-van-lui-ve-duoi-1-865-diem-c55512274.epi[0m
2026-06-30 18:02:18 - src.scraper.engine.crawler - SUCCESS - [32mKeyword 'ACB' [baomoi:ACB] -> 3 new, 0 skipped, 1 pages[0m
2026-06-30 18:02:18 - src.scraper.engine.pipeline - SUCCESS - [32mRun summary
  sources             : ['baomoi']
  keywords processed  : 1
  articles found      : 3
  articles persisted  : 3
  articles skipped    : 0
  pages crawled       : 1
  errors              : 0[0m
2026-06-30 18:02:18 - src.scraper - INFO - [94mTotal elapsed: 120.1s[0m
